Archive member included to satisfy reference by file (symbol)

E:/STM32CubeIDE_1.16.1/STM32CubeIDE/plugins/com.st.stm32cube.ide.mcu.externaltools.gnu-tools-for-stm32.13.3.rel1.win32_1.0.0.202411081344/tools/bin/../lib/gcc/arm-none-eabi/13.3.1/../../../../arm-none-eabi/lib/thumb/v7-m/nofp\libc_nano.a(libc_a-exit.o)
                              E:/STM32CubeIDE_1.16.1/STM32CubeIDE/plugins/com.st.stm32cube.ide.mcu.externaltools.gnu-tools-for-stm32.13.3.rel1.win32_1.0.0.202411081344/tools/bin/../lib/gcc/arm-none-eabi/13.3.1/../../../../arm-none-eabi/lib/thumb/v7-m/nofp/crt0.o (exit)
E:/STM32CubeIDE_1.16.1/STM32CubeIDE/plugins/com.st.stm32cube.ide.mcu.externaltools.gnu-tools-for-stm32.13.3.rel1.win32_1.0.0.202411081344/tools/bin/../lib/gcc/arm-none-eabi/13.3.1/../../../../arm-none-eabi/lib/thumb/v7-m/nofp\libc_nano.a(libc_a-malloc.o)
                              ./Core/Src/mpu6050_lib.o (malloc)
E:/STM32CubeIDE_1.16.1/STM32CubeIDE/plugins/com.st.stm32cube.ide.mcu.externaltools.gnu-tools-for-stm32.13.3.rel1.win32_1.0.0.202411081344/tools/bin/../lib/gcc/arm-none-eabi/13.3.1/../../../../arm-none-eabi/lib/thumb/v7-m/nofp\libc_nano.a(libc_a-mallocr.o)
                              E:/STM32CubeIDE_1.16.1/STM32CubeIDE/plugins/com.st.stm32cube.ide.mcu.externaltools.gnu-tools-for-stm32.13.3.rel1.win32_1.0.0.202411081344/tools/bin/../lib/gcc/arm-none-eabi/13.3.1/../../../../arm-none-eabi/lib/thumb/v7-m/nofp\libc_nano.a(libc_a-malloc.o) (_malloc_r)
E:/STM32CubeIDE_1.16.1/STM32CubeIDE/plugins/com.st.stm32cube.ide.mcu.externaltools.gnu-tools-for-stm32.13.3.rel1.win32_1.0.0.202411081344/tools/bin/../lib/gcc/arm-none-eabi/13.3.1/../../../../arm-none-eabi/lib/thumb/v7-m/nofp\libc_nano.a(libc_a-mlock.o)
                              E:/STM32CubeIDE_1.16.1/STM32CubeIDE/plugins/com.st.stm32cube.ide.mcu.externaltools.gnu-tools-for-stm32.13.3.rel1.win32_1.0.0.202411081344/tools/bin/../lib/gcc/arm-none-eabi/13.3.1/../../../../arm-none-eabi/lib/thumb/v7-m/nofp\libc_nano.a(libc_a-mallocr.o) (__malloc_lock)
E:/STM32CubeIDE_1.16.1/STM32CubeIDE/plugins/com.st.stm32cube.ide.mcu.externaltools.gnu-tools-for-stm32.13.3.rel1.win32_1.0.0.202411081344/tools/bin/../lib/gcc/arm-none-eabi/13.3.1/../../../../arm-none-eabi/lib/thumb/v7-m/nofp\libc_nano.a(libc_a-findfp.o)
                              ./Middlewares/Third_Party/FreeRTOS/Source/tasks.o (__sf)
E:/STM32CubeIDE_1.16.1/STM32CubeIDE/plugins/com.st.stm32cube.ide.mcu.externaltools.gnu-tools-for-stm32.13.3.rel1.win32_1.0.0.202411081344/tools/bin/../lib/gcc/arm-none-eabi/13.3.1/../../../../arm-none-eabi/lib/thumb/v7-m/nofp\libc_nano.a(libc_a-fwalk.o)
                              E:/STM32CubeIDE_1.16.1/STM32CubeIDE/plugins/com.st.stm32cube.ide.mcu.externaltools.gnu-tools-for-stm32.13.3.rel1.win32_1.0.0.202411081344/tools/bin/../lib/gcc/arm-none-eabi/13.3.1/../../../../arm-none-eabi/lib/thumb/v7-m/nofp\libc_nano.a(libc_a-findfp.o) (_fwalk_sglue)
E:/STM32CubeIDE_1.16.1/STM32CubeIDE/plugins/com.st.stm32cube.ide.mcu.externaltools.gnu-tools-for-stm32.13.3.rel1.win32_1.0.0.202411081344/tools/bin/../lib/gcc/arm-none-eabi/13.3.1/../../../../arm-none-eabi/lib/thumb/v7-m/nofp\libc_nano.a(libc_a-puts.o)
                              ./Core/Src/main.o (puts)
E:/STM32CubeIDE_1.16.1/STM32CubeIDE/plugins/com.st.stm32cube.ide.mcu.externaltools.gnu-tools-for-stm32.13.3.rel1.win32_1.0.0.202411081344/tools/bin/../lib/gcc/arm-none-eabi/13.3.1/../../../../arm-none-eabi/lib/thumb/v7-m/nofp\libc_nano.a(libc_a-stdio.o)
                              E:/STM32CubeIDE_1.16.1/STM32CubeIDE/plugins/com.st.stm32cube.ide.mcu.externaltools.gnu-tools-for-stm32.13.3.rel1.win32_1.0.0.202411081344/tools/bin/../lib/gcc/arm-none-eabi/13.3.1/../../../../arm-none-eabi/lib/thumb/v7-m/nofp\libc_nano.a(libc_a-findfp.o) (__sread)
E:/STM32CubeIDE_1.16.1/STM32CubeIDE/plugins/com.st.stm32cube.ide.mcu.externaltools.gnu-tools-for-stm32.13.3.rel1.win32_1.0.0.202411081344/tools/bin/../lib/gcc/arm-none-eabi/13.3.1/../../../../arm-none-eabi/lib/thumb/v7-m/nofp\libc_nano.a(libc_a-wbuf.o)
                              E:/STM32CubeIDE_1.16.1/STM32CubeIDE/plugins/com.st.stm32cube.ide.mcu.externaltools.gnu-tools-for-stm32.13.3.rel1.win32_1.0.0.202411081344/tools/bin/../lib/gcc/arm-none-eabi/13.3.1/../../../../arm-none-eabi/lib/thumb/v7-m/nofp\libc_nano.a(libc_a-puts.o) (__swbuf_r)
E:/STM32CubeIDE_1.16.1/STM32CubeIDE/plugins/com.st.stm32cube.ide.mcu.externaltools.gnu-tools-for-stm32.13.3.rel1.win32_1.0.0.202411081344/tools/bin/../lib/gcc/arm-none-eabi/13.3.1/../../../../arm-none-eabi/lib/thumb/v7-m/nofp\libc_nano.a(libc_a-wsetup.o)
                              E:/STM32CubeIDE_1.16.1/STM32CubeIDE/plugins/com.st.stm32cube.ide.mcu.externaltools.gnu-tools-for-stm32.13.3.rel1.win32_1.0.0.202411081344/tools/bin/../lib/gcc/arm-none-eabi/13.3.1/../../../../arm-none-eabi/lib/thumb/v7-m/nofp\libc_nano.a(libc_a-puts.o) (__swsetup_r)
[...]
Memory Configuration

Name             Origin             Length             Attributes
RAM              0x20000000         0x00005000         xrw
FLASH            0x08000000         0x00010000         xr
*default*        0x00000000         0xffffffff

Linker script and memory map

LOAD E:/STM32CubeIDE_1.16.1/STM32CubeIDE/plugins/com.st.stm32cube.ide.mcu.externaltools.gnu-tools-for-stm32.13.3.rel1.win32_1.0.0.202411081344/tools/bin/../lib/gcc/arm-none-eabi/13.3.1/thumb/v7-m/nofp/crti.o
LOAD E:/STM32CubeIDE_1.16.1/STM32CubeIDE/plugins/com.st.stm32cube.ide.mcu.externaltools.gnu-tools-for-stm32.13.3.rel1.win32_1.0.0.202411081344/tools/bin/../lib/gcc/arm-none-eabi/13.3.1/thumb/v7-m/nofp/crtbegin.o
LOAD E:/STM32CubeIDE_1.16.1/STM32CubeIDE/plugins/com.st.stm32cube.ide.mcu.externaltools.gnu-tools-for-stm32.13.3.rel1.win32_1.0.0.202411081344/tools/bin/../lib/gcc/arm-none-eabi/13.3.1/../../../../arm-none-eabi/lib/thumb/v7-m/nofp/crt0.o
LOAD ./Core/Src/freertos.o
LOAD ./Core/Src/main.o
LOAD ./Core/Src/mpu6050_lib.o
LOAD ./Core/Src/stm32f1xx_hal_msp.o
LOAD ./Core/Src/stm32f1xx_hal_timebase_tim.o
LOAD ./Core/Src/stm32f1xx_it.o
LOAD ./Core/Src/syscalls.o
LOAD ./Core/Src/sysmem.o
LOAD ./Core/Src/system_stm32f1xx.o
LOAD ./Core/Startup/startup_stm32f103c8tx.o
LOAD ./Drivers/STM32F1xx_HAL_Driver/Src/stm32f1xx_hal.o
LOAD ./Drivers/STM32F1xx_HAL_Driver/Src/stm32f1xx_hal_cortex.o
LOAD ./Drivers/STM32F1xx_HAL_Driver/Src/stm32f1xx_hal_dma.o
LOAD ./Drivers/STM32F1xx_HAL_Driver/Src/stm32f1xx_hal_exti.o
LOAD ./Drivers/STM32F1xx_HAL_Driver/Src/stm32f1xx_hal_flash.o
LOAD ./Drivers/STM32F1xx_HAL_Driver/Src/stm32f1xx_hal_flash_ex.o
LOAD ./Drivers/STM32F1xx_HAL_Driver/Src/stm32f1xx_hal_gpio.o
LOAD ./Drivers/STM32F1xx_HAL_Driver/Src/stm32f1xx_hal_gpio_ex.o
LOAD ./Drivers/STM32F1xx_HAL_Driver/Src/stm32f1xx_hal_i2c.o
LOAD ./Drivers/STM32F1xx_HAL_Driver/Src/stm32f1xx_hal_pwr.o
LOAD ./Drivers/STM32F1xx_HAL_Driver/Src/stm32f1xx_hal_rcc.o
LOAD ./Drivers/STM32F1xx_HAL_Driver/Src/stm32f1xx_hal_rcc_ex.o
LOAD ./Drivers/STM32F1xx_HAL_Driver/Src/stm32f1xx_hal_tim.o
LOAD ./Drivers/STM32F1xx_HAL_Driver/Src/stm32f1xx_hal_tim_ex.o
LOAD ./Middlewares/Third_Party/FreeRTOS/Source/CMSIS_RTOS_V2/cmsis_os2.o
LOAD ./Middlewares/Third_Party/FreeRTOS/Source/croutine.o
LOAD ./Middlewares/Third_Party/FreeRTOS/Source/event_groups.o
LOAD ./Middlewares/Third_Party/FreeRTOS/Source/list.o
LOAD ./Middlewares/Third_Party/FreeRTOS/Source/queue.o
LOAD ./Middlewares/Third_Party/FreeRTOS/Source/stream_buffer.o
LOAD ./Middlewares/Third_Party/FreeRTOS/Source/tasks.o
LOAD ./Middlewares/Third_Party/FreeRTOS/Source/timers.o
LOAD ./Middlewares/Third_Party/FreeRTOS/Source/portable/GCC/ARM_CM3/port.o
LOAD ./Middlewares/Third_Party/FreeRTOS/Source/portable/MemMang/heap_4.o
START GROUP
LOAD E:/STM32CubeIDE_1.16.1/STM32CubeIDE/plugins/com.st.stm32cube.ide.mcu.externaltools.gnu-tools-for-stm32.13.3.rel1.win32_1.0.0.202411081344/tools/bin/../lib/gcc/arm-none-eabi/13.3.1/../../../../arm-none-eabi/lib/thumb/v7-m/nofp\libc_nano.a
LOAD E:/STM32CubeIDE_1.16.1/STM32CubeIDE/plugins/com.st.stm32cube.ide.mcu.externaltools.gnu-tools-for-stm32.13.3.rel1.win32_1.0.0.202411081344/tools/bin/../lib/gcc/arm-none-eabi/13.3.1/../../../../arm-none-eabi/lib/thumb/v7-m/nofp\libm.a
END GROUP
START GROUP
LOAD E:/STM32CubeIDE_1.16.1/STM32CubeIDE/plugins/com.st.stm32cube.ide.mcu.externaltools.gnu-tools-for-stm32.13.3.rel1.win32_1.0.0.202411081344/tools/bin/../lib/gcc/arm-none-eabi/13.3.1/thumb/v7-m/nofp\libgcc.a
LOAD E:/STM32CubeIDE_1.16.1/STM32CubeIDE/plugins/com.st.stm32cube.ide.mcu.externaltools.gnu-tools-for-stm32.13.3.rel1.win32_1.0.0.202411081344/tools/bin/../lib/gcc/arm-none-eabi/13.3.1/../../../../arm-none-eabi/lib/thumb/v7-m/nofp\libc_nano.a
END GROUP
START GROUP
LOAD E:/STM32CubeIDE_1.16.1/STM32CubeIDE/plugins/com.st.stm32cube.ide.mcu.externaltools.gnu-tools-for-stm32.13.3.rel1.win32_1.0.0.202411081344/tools/bin/../lib/gcc/arm-none-eabi/13.3.1/thumb/v7-m/nofp\libgcc.a
LOAD E:/STM32CubeIDE_1.16.1/STM32CubeIDE/plugins/com.st.stm32cube.ide.mcu.externaltools.gnu-tools-for-stm32.13.3.rel1.win32_1.0.0.202411081344/tools/bin/../lib/gcc/arm-none-eabi/13.3.1/../../../../arm-none-eabi/lib/thumb/v7-m/nofp\libc_nano.a
LOAD E:/STM32CubeIDE_1.16.1/STM32CubeIDE/plugins/com.st.stm32cube.ide.mcu.externaltools.gnu-tools-for-stm32.13.3.rel1.win32_1.0.0.202411081344/tools/bin/../lib/gcc/arm-none-eabi/13.3.1/../../../../arm-none-eabi/lib/thumb/v7-m/nofp\libnosys.a
END GROUP
START GROUP
LOAD E:/STM32CubeIDE_1.16.1/STM32CubeIDE/plugins/com.st.stm32cube.ide.mcu.externaltools.gnu-tools-for-stm32.13.3.rel1.win32_1.0.0.202411081344/tools/bin/../lib/gcc/arm-none-eabi/13.3.1/thumb/v7-m/nofp\libgcc.a
LOAD E:/STM32CubeIDE_1.16.1/STM32CubeIDE/plugins/com.st.stm32cube.ide.mcu.externaltools.gnu-tools-for-stm32.13.3.rel1.win32_1.0.0.202411081344/tools/bin/../lib/gcc/arm-none-eabi/13.3.1/../../../../arm-none-eabi/lib/thumb/v7-m/nofp\libc_nano.a
LOAD E:/STM32CubeIDE_1.16.1/STM32CubeIDE/plugins/com.st.stm32cube.ide.mcu.externaltools.gnu-tools-for-stm32.13.3.rel1.win32_1.0.0.202411081344/tools/bin/../lib/gcc/arm-none-eabi/13.3.1/../../../../arm-none-eabi/lib/thumb/v7-m/nofp\libnosys.a
END GROUP
LOAD E:/STM32CubeIDE_1.16.1/STM32CubeIDE/plugins/com.st.stm32cube.ide.mcu.externaltools.gnu-tools-for-stm32.13.3.rel1.win32_1.0.0.202411081344/tools/bin/../lib/gcc/arm-none-eabi/13.3.1/thumb/v7-m/nofp/crtend.o
LOAD E:/STM32CubeIDE_1.16.1/STM32CubeIDE/plugins/com.st.stm32cube.ide.mcu.externaltools.gnu-tools-for-stm32.13.3.rel1.win32_1.0.0.202411081344/tools/bin/../lib/gcc/arm-none-eabi/13.3.1/thumb/v7-m/nofp/crtn.o
                0x20005000                        _estack = (ORIGIN (RAM) + LENGTH (RAM))
                0x00000200                        _Min_Heap_Size = 0x200
                0x00000400                        _Min_Stack_Size = 0x400

.isr_vector     0x08000000      0x10c
                0x08000000                        . = ALIGN (0x4)
 *(.isr_vector)
 .isr_vector    0x08000000      0x10c ./Core/Startup/startup_stm32f103c8tx.o
                0x08000000                g_pfnVectors
                0x0800010c                        . = ALIGN (0x4)

.text           0x08000110     0xb618
                0x08000110                        . = ALIGN (0x4)
 *(.text)
 .text          0x08000110       0x40 E:/STM32CubeIDE_1.16.1/STM32CubeIDE/plugins/com.st.stm32cube.ide.mcu.externaltools.gnu-tools-for-stm32.13.3.rel1.win32_1.0.0.202411081344/tools/bin/../lib/gcc/arm-none-eabi/13.3.1/thumb/v7-m/nofp/crtbegin.o
 .text          0x08000150      0x378 E:/STM32CubeIDE_1.16.1/STM32CubeIDE/plugins/com.st.stm32cube.ide.mcu.externaltools.gnu-tools-for-stm32.13.3.rel1.win32_1.0.0.202411081344/tools/bin/../lib/gcc/arm-none-eabi/13.3.1/thumb/v7-m/nofp\libgcc.a(_arm_addsubdf3.o)
                0x08000150                __aeabi_drsub
                0x08000158                __aeabi_dsub
                0x08000158                __subdf3
                0x0800015c                __aeabi_dadd
                0x0800015c                __adddf3
                0x080003d4                __floatunsidf
                0x080003d4                __aeabi_ui2d
                0x080003f4                __floatsidf
                0x080003f4                __aeabi_i2d
                0x08000418                __aeabi_f2d
                0x08000418                __extendsfdf2
                0x0800045c                __floatundidf
                0x0800045c                __aeabi_ul2d
                0x0800046c                __floatdidf
                0x0800046c                __aeabi_l2d
 .text          0x080004c8      0x424 E:/STM32CubeIDE_1.16.1/STM32CubeIDE/plugins/com.st.stm32cube.ide.mcu.externaltools.gnu-tools-for-stm32.13.3.rel1.win32_1.0.0.202411081344/tools/bin/../lib/gcc/arm-none-eabi/13.3.1/thumb/v7-m/nofp\libgcc.a(_arm_muldivdf3.o)
                0x080004c8                __aeabi_dmul
                0x080004c8                __muldf3
                0x0800071c                __divdf3
                0x0800071c                __aeabi_ddiv
 .text          0x080008ec      0x110 E:/STM32CubeIDE_1.16.1/STM32CubeIDE/plugins/com.st.stm32cube.ide.mcu.externaltools.gnu-tools-for-stm32.13.3.rel1.win32_1.0.0.202411081344/tools/bin/../lib/gcc/arm-none-eabi/13.3.1/thumb/v7-m/nofp\libgcc.a(_arm_cmpdf2.o)
                0x080008ec                __gtdf2
                0x080008ec                __gedf2
                0x080008f4                __ltdf2
                0x080008f4                __ledf2
                0x080008fc                __nedf2
                0x080008fc                __eqdf2
                0x080008fc                __cmpdf2
                0x08000978                __aeabi_cdrcmple
                0x08000988                __aeabi_cdcmpeq
                0x08000988                __aeabi_cdcmple
                0x08000998                __aeabi_dcmpeq
                0x080009ac                __aeabi_dcmplt
                0x080009c0                __aeabi_dcmple
                0x080009d4                __aeabi_dcmpge
                0x080009e8                __aeabi_dcmpgt
 .text          0x080009fc       0x2c E:/STM32CubeIDE_1.16.1/STM32CubeIDE/plugins/com.st.stm32cube.ide.mcu.externaltools.gnu-tools-for-stm32.13.3.rel1.win32_1.0.0.202411081344/tools/bin/../lib/gcc/arm-none-eabi/13.3.1/thumb/v7-m/nofp\libgcc.a(_arm_unorddf2.o)
                0x080009fc                __unorddf2
                0x080009fc                __aeabi_dcmpun
 .text          0x08000a28       0xa0 E:/STM32CubeIDE_1.16.1/STM32CubeIDE/plugins/com.st.stm32cube.ide.mcu.externaltools.gnu-tools-for-stm32.13.3.rel1.win32_1.0.0.202411081344/tools/bin/../lib/gcc/arm-none-eabi/13.3.1/thumb/v7-m/nofp\libgcc.a(_arm_truncdfsf2.o)
                0x08000a28                __truncdfsf2
                0x08000a28                __aeabi_d2f
 .text          0x08000ac8      0x21c E:/STM32CubeIDE_1.16.1/STM32CubeIDE/plugins/com.st.stm32cube.ide.mcu.externaltools.gnu-tools-for-stm32.13.3.rel1.win32_1.0.0.202411081344/tools/bin/../lib/gcc/arm-none-eabi/13.3.1/thumb/v7-m/nofp\libgcc.a(_arm_addsubsf3.o)
                0x08000ac8                __aeabi_frsub
                0x08000ad0                __subsf3
                0x08000ad0                __aeabi_fsub
                0x08000ad4                __aeabi_fadd
                0x08000ad4                __addsf3
                0x08000c34                __aeabi_ui2f
                0x08000c34                __floatunsisf
                0x08000c3c                __aeabi_i2f
                0x08000c3c                __floatsisf
                0x08000c58                __aeabi_ul2f
                0x08000c58                __floatundisf
                0x08000c68                __aeabi_l2f
                0x08000c68                __floatdisf
 .text          0x08000ce4      0x2a0 E:/STM32CubeIDE_1.16.1/STM32CubeIDE/plugins/com.st.stm32cube.ide.mcu.externaltools.gnu-tools-for-stm32.13.3.rel1.win32_1.0.0.202411081344/tools/bin/../lib/gcc/arm-none-eabi/13.3.1/thumb/v7-m/nofp\libgcc.a(_arm_muldivsf3.o)
                0x08000ce4                __mulsf3
                0x08000ce4                __aeabi_fmul
                0x08000e4c                __aeabi_fdiv
                0x08000e4c                __divsf3
 .text          0x08000f84       0xec E:/STM32CubeIDE_1.16.1/STM32CubeIDE/plugins/com.st.stm32cube.ide.mcu.externaltools.gnu-tools-for-stm32.13.3.rel1.win32_1.0.0.202411081344/tools/bin/../lib/gcc/arm-none-eabi/13.3.1/thumb/v7-m/nofp\libgcc.a(_arm_cmpsf2.o)
                0x08000f84                __gesf2
                0x08000f84                __gtsf2
                0x08000f8c                __lesf2
                0x08000f8c                __ltsf2
                0x08000f94                __nesf2
                0x08000f94                __eqsf2
                0x08000f94                __cmpsf2
                0x08000ff4                __aeabi_cfrcmple
                0x08000ffc                __aeabi_cfcmpeq
                0x08000ffc                __aeabi_cfcmple
                0x0800100c                __aeabi_fcmpeq
                0x08001020                __aeabi_fcmplt
                0x08001034                __aeabi_fcmple
                0x08001048                __aeabi_fcmpge
                0x0800105c                __aeabi_fcmpgt
 *(.text*)
 .text.main     0x08001070      0x214 ./Core/Src/main.o
                0x08001070                main
 .text.SystemClock_Config
                0x08001284       0x82 ./Core/Src/main.o
                0x08001284                SystemClock_Config
 *fill*         0x08001306        0x2 
 .text.MX_I2C2_Init
                0x08001308       0x60 ./Core/Src/main.o
 .text.MX_TIM1_Init
                0x08001368      0x108 ./Core/Src/main.o
 .text.MX_DMA_Init
                0x08001470       0x4c ./Core/Src/main.o
 .text.MX_GPIO_Init
                0x080014bc       0xc8 ./Core/Src/main.o
 .text.HAL_I2C_MasterTxCpltCallback
                0x08001584       0x1c ./Core/Src/main.o
                0x08001584                HAL_I2C_MasterTxCpltCallback
 .text.HAL_I2C_MasterRxCpltCallback
                0x080015a0       0x1c ./Core/Src/main.o
                0x080015a0                HAL_I2C_MasterRxCpltCallback
 .text.HAL_GPIO_EXTI_Callback
                0x080015bc       0x20 ./Core/Src/main.o
                0x080015bc                HAL_GPIO_EXTI_Callback
 .text.HAL_TIM_IC_CaptureCallback
                0x080015dc       0xc4 ./Core/Src/main.o
                0x080015dc                HAL_TIM_IC_CaptureCallback
 .text.StartDefaultTask
                0x080016a0       0x10 ./Core/Src/main.o
                0x080016a0                StartDefaultTask
 .text.updatePID
                0x080016b0       0x10 ./Core/Src/main.o
                0x080016b0                updatePID
 .text.getOrientation
                0x080016c0      0x120 ./Core/Src/main.o
                0x080016c0                getOrientation
 .text.getInputs
                0x080017e0       0x10 ./Core/Src/main.o
                0x080017e0                getInputs
 .text.HAL_TIM_PeriodElapsedCallback
                0x080017f0       0x24 ./Core/Src/main.o
                0x080017f0                HAL_TIM_PeriodElapsedCallback
 .text.Error_Handler
                0x08001814        0xc ./Core/Src/main.o
                0x08001814                Error_Handler
 .text.i2c_Read_Accelerometer
                0x08001820       0x9c ./Core/Src/mpu6050_lib.o
                0x08001820                i2c_Read_Accelerometer
 .text.i2c_Write_Accelerometer
                0x080018bc       0x84 ./Core/Src/mpu6050_lib.o
                0x080018bc                i2c_Write_Accelerometer
 .text.setBit   0x08001940       0x82 ./Core/Src/mpu6050_lib.o
                0x08001940                setBit
 .text.setBits  0x080019c2       0x9a ./Core/Src/mpu6050_lib.o
                0x080019c2                setBits
 .text.sensor_data_init
                0x08001a5c       0x2a ./Core/Src/mpu6050_lib.o
                0x08001a5c                sensor_data_init
 *fill*         0x08001a86        0x2 
 .text.mpu6050_init_dmp
                0x08001a88      0x2c4 ./Core/Src/mpu6050_lib.o
                0x08001a88                mpu6050_init_dmp
 .text.setMemoryBank
                0x08001d4c       0x5c ./Core/Src/mpu6050_lib.o
                0x08001d4c                setMemoryBank
 .text.setMemoryStartAddress
                0x08001da8       0x24 ./Core/Src/mpu6050_lib.o
                0x08001da8                setMemoryStartAddress
 .text.getOTPBankValid
                0x08001dcc       0x28 ./Core/Src/mpu6050_lib.o
                0x08001dcc                getOTPBankValid
 .text.setIntEnabled
                0x08001df4       0x24 ./Core/Src/mpu6050_lib.o
                0x08001df4                setIntEnabled
 .text.writeMemoryBlock
                0x08001e18      0x1b4 ./Core/Src/mpu6050_lib.o
                0x08001e18                writeMemoryBlock
 .text.writeProgMemoryBlock
                0x08001fcc       0x3a ./Core/Src/mpu6050_lib.o
                0x08001fcc                writeProgMemoryBlock
 .text.setDMPEnabled
                0x08002006       0x24 ./Core/Src/mpu6050_lib.o
                0x08002006                setDMPEnabled
 *fill*         0x0800202a        0x2 
 .text.getFIFOCount
                0x0800202c       0x3c ./Core/Src/mpu6050_lib.o
                0x0800202c                getFIFOCount
 .text.resetFIFO
                0x08002068       0x20 ./Core/Src/mpu6050_lib.o
                0x08002068                resetFIFO
 .text.getFIFOBytes
                0x08002088       0x36 ./Core/Src/mpu6050_lib.o
                0x08002088                getFIFOBytes
 *fill*         0x080020be        0x2 
 .text.dmpGetQuaternion
                0x080020c0       0x9c ./Core/Src/mpu6050_lib.o
                0x080020c0                dmpGetQuaternion
 .text.dmpGetQuaternionQuatStruct
                0x0800215c       0xa6 ./Core/Src/mpu6050_lib.o
                0x0800215c                dmpGetQuaternionQuatStruct
 .text.dmpGetGravity
                0x08002202      0x106 ./Core/Src/mpu6050_lib.o
                0x08002202                dmpGetGravity
 .text.dmpGetYawPitchRoll
                0x08002308      0x228 ./Core/Src/mpu6050_lib.o
                0x08002308                dmpGetYawPitchRoll
 .text.HAL_MspInit
                0x08002530       0x70 ./Core/Src/stm32f1xx_hal_msp.o
                0x08002530                HAL_MspInit
 .text.HAL_I2C_MspInit
                0x080025a0      0x13c ./Core/Src/stm32f1xx_hal_msp.o
                0x080025a0                HAL_I2C_MspInit
 .text.HAL_TIM_IC_MspInit
                0x080026dc       0xa0 ./Core/Src/stm32f1xx_hal_msp.o
                0x080026dc                HAL_TIM_IC_MspInit
 .text.HAL_InitTick
                0x0800277c       0xfc ./Core/Src/stm32f1xx_hal_timebase_tim.o
                0x0800277c                HAL_InitTick
 .text.NMI_Handler
                0x08002878        0x8 ./Core/Src/stm32f1xx_it.o
                0x08002878                NMI_Handler
 .text.HardFault_Handler
                0x08002880        0x8 ./Core/Src/stm32f1xx_it.o
                0x08002880                HardFault_Handler
 .text.MemManage_Handler
                0x08002888        0x8 ./Core/Src/stm32f1xx_it.o
                0x08002888                MemManage_Handler
 .text.BusFault_Handler
                0x08002890        0x8 ./Core/Src/stm32f1xx_it.o
                0x08002890                BusFault_Handler
 .text.UsageFault_Handler
                0x08002898        0x8 ./Core/Src/stm32f1xx_it.o
                0x08002898                UsageFault_Handler
 .text.DebugMon_Handler
                0x080028a0        0xc ./Core/Src/stm32f1xx_it.o
                0x080028a0                DebugMon_Handler
 .text.EXTI1_IRQHandler
                0x080028ac        0xe ./Core/Src/stm32f1xx_it.o
                0x080028ac                EXTI1_IRQHandler
 *fill*         0x080028ba        0x2 
 .text.DMA1_Channel4_IRQHandler
                0x080028bc       0x14 ./Core/Src/stm32f1xx_it.o
                0x080028bc                DMA1_Channel4_IRQHandler
 .text.DMA1_Channel5_IRQHandler
                0x080028d0       0x14 ./Core/Src/stm32f1xx_it.o
                0x080028d0                DMA1_Channel5_IRQHandler
 .text.TIM1_UP_IRQHandler
                0x080028e4       0x14 ./Core/Src/stm32f1xx_it.o
                0x080028e4                TIM1_UP_IRQHandler
 .text.TIM1_CC_IRQHandler
                0x080028f8       0x14 ./Core/Src/stm32f1xx_it.o
                0x080028f8                TIM1_CC_IRQHandler
 .text.TIM4_IRQHandler
                0x0800290c       0x14 ./Core/Src/stm32f1xx_it.o
                0x0800290c                TIM4_IRQHandler
 .text.I2C2_EV_IRQHandler
                0x08002920       0x14 ./Core/Src/stm32f1xx_it.o
                0x08002920                I2C2_EV_IRQHandler
 .text._read    0x08002934       0x3a ./Core/Src/syscalls.o
                0x08002934                _read
 .text._write   0x0800296e       0x38 ./Core/Src/syscalls.o
                0x0800296e                _write
 .text._close   0x080029a6       0x16 ./Core/Src/syscalls.o
                0x080029a6                _close
 .text._fstat   0x080029bc       0x1e ./Core/Src/syscalls.o
                0x080029bc                _fstat
 .text._isatty  0x080029da       0x14 ./Core/Src/syscalls.o
                0x080029da                _isatty
 .text._lseek   0x080029ee       0x18 ./Core/Src/syscalls.o
                0x080029ee                _lseek
 *fill*         0x08002a06        0x2 
 .text._sbrk    0x08002a08       0x6c ./Core/Src/sysmem.o
                0x08002a08                _sbrk
 .text.SystemInit
                0x08002a74        0xc ./Core/Src/system_stm32f1xx.o
                0x08002a74                SystemInit
 .text.Reset_Handler
                0x08002a80       0x48 ./Core/Startup/startup_stm32f103c8tx.o
                0x08002a80                Reset_Handler
 .text.Default_Handler
                0x08002ac8        0x2 ./Core/Startup/startup_stm32f103c8tx.o
                0x08002ac8                RTC_Alarm_IRQHandler
                0x08002ac8                EXTI2_IRQHandler
                0x08002ac8                PVD_IRQHandler
                0x08002ac8                EXTI3_IRQHandler
                0x08002ac8                EXTI0_IRQHandler
                0x08002ac8                ADC1_2_IRQHandler
                0x08002ac8                SPI1_IRQHandler
                0x08002ac8                TAMPER_IRQHandler
                0x08002ac8                USART3_IRQHandler
                0x08002ac8                RTC_IRQHandler
                0x08002ac8                DMA1_Channel7_IRQHandler
                0x08002ac8                CAN1_RX1_IRQHandler
                0x08002ac8                I2C1_EV_IRQHandler
                0x08002ac8                DMA1_Channel6_IRQHandler
                0x08002ac8                TIM3_IRQHandler
                0x08002ac8                RCC_IRQHandler
                0x08002ac8                TIM1_TRG_COM_IRQHandler
                0x08002ac8                DMA1_Channel1_IRQHandler
                0x08002ac8                Default_Handler
                0x08002ac8                EXTI15_10_IRQHandler
                0x08002ac8                EXTI9_5_IRQHandler
                0x08002ac8                SPI2_IRQHandler
                0x08002ac8                EXTI4_IRQHandler
                0x08002ac8                USB_LP_CAN1_RX0_IRQHandler
                0x08002ac8                USB_HP_CAN1_TX_IRQHandler
                0x08002ac8                DMA1_Channel3_IRQHandler
                0x08002ac8                WWDG_IRQHandler
                0x08002ac8                TIM2_IRQHandler
                0x08002ac8                TIM1_BRK_IRQHandler
                0x08002ac8                USART2_IRQHandler
                0x08002ac8                I2C2_ER_IRQHandler
                0x08002ac8                DMA1_Channel2_IRQHandler
                0x08002ac8                CAN1_SCE_IRQHandler
                0x08002ac8                FLASH_IRQHandler
                0x08002ac8                USART1_IRQHandler
                0x08002ac8                I2C1_ER_IRQHandler
                0x08002ac8                USBWakeUp_IRQHandler
 *fill*         0x08002aca        0x2 
 .text.HAL_Init
                0x08002acc       0x2c ./Drivers/STM32F1xx_HAL_Driver/Src/stm32f1xx_hal.o
                0x08002acc                HAL_Init
 .text.HAL_IncTick
                0x08002af8       0x24 ./Drivers/STM32F1xx_HAL_Driver/Src/stm32f1xx_hal.o
                0x08002af8                HAL_IncTick
 .text.HAL_GetTick
                0x08002b1c       0x14 ./Drivers/STM32F1xx_HAL_Driver/Src/stm32f1xx_hal.o
                0x08002b1c                HAL_GetTick
 .text.HAL_Delay
                0x08002b30       0x48 ./Drivers/STM32F1xx_HAL_Driver/Src/stm32f1xx_hal.o
                0x08002b30                HAL_Delay
 .text.__NVIC_SetPriorityGrouping
                0x08002b78       0x48 ./Drivers/STM32F1xx_HAL_Driver/Src/stm32f1xx_hal_cortex.o
 .text.__NVIC_GetPriorityGrouping
                0x08002bc0       0x1c ./Drivers/STM32F1xx_HAL_Driver/Src/stm32f1xx_hal_cortex.o
 .text.__NVIC_EnableIRQ
                0x08002bdc       0x38 ./Drivers/STM32F1xx_HAL_Driver/Src/stm32f1xx_hal_cortex.o
 .text.__NVIC_SetPriority
                0x08002c14       0x54 ./Drivers/STM32F1xx_HAL_Driver/Src/stm32f1xx_hal_cortex.o
 .text.NVIC_EncodePriority
                0x08002c68       0x64 ./Drivers/STM32F1xx_HAL_Driver/Src/stm32f1xx_hal_cortex.o
 .text.HAL_NVIC_SetPriorityGrouping
                0x08002ccc       0x16 ./Drivers/STM32F1xx_HAL_Driver/Src/stm32f1xx_hal_cortex.o
                0x08002ccc                HAL_NVIC_SetPriorityGrouping
 .text.HAL_NVIC_SetPriority
                0x08002ce2       0x38 ./Drivers/STM32F1xx_HAL_Driver/Src/stm32f1xx_hal_cortex.o
                0x08002ce2                HAL_NVIC_SetPriority
 .text.HAL_NVIC_EnableIRQ
                0x08002d1a       0x1c ./Drivers/STM32F1xx_HAL_Driver/Src/stm32f1xx_hal_cortex.o
                0x08002d1a                HAL_NVIC_EnableIRQ
 *fill*         0x08002d36        0x2 
 .text.HAL_DMA_Init
                0x08002d38       0xb4 ./Drivers/STM32F1xx_HAL_Driver/Src/stm32f1xx_hal_dma.o
                0x08002d38                HAL_DMA_Init
 .text.HAL_DMA_Start_IT
                0x08002dec       0xc0 ./Drivers/STM32F1xx_HAL_Driver/Src/stm32f1xx_hal_dma.o
                0x08002dec                HAL_DMA_Start_IT
 .text.HAL_DMA_Abort_IT
                0x08002eac       0xf0 ./Drivers/STM32F1xx_HAL_Driver/Src/stm32f1xx_hal_dma.o
                0x08002eac                HAL_DMA_Abort_IT
 .text.HAL_DMA_IRQHandler
                0x08002f9c      0x20c ./Drivers/STM32F1xx_HAL_Driver/Src/stm32f1xx_hal_dma.o
                0x08002f9c                HAL_DMA_IRQHandler
 .text.HAL_DMA_GetState
                0x080031a8       0x1a ./Drivers/STM32F1xx_HAL_Driver/Src/stm32f1xx_hal_dma.o
                0x080031a8                HAL_DMA_GetState
 .text.DMA_SetConfig
                0x080031c2       0x5a ./Drivers/STM32F1xx_HAL_Driver/Src/stm32f1xx_hal_dma.o
 .text.HAL_GPIO_Init
                0x0800321c      0x308 ./Drivers/STM32F1xx_HAL_Driver/Src/stm32f1xx_hal_gpio.o
                0x0800321c                HAL_GPIO_Init
 .text.HAL_GPIO_WritePin
                0x08003524       0x30 ./Drivers/STM32F1xx_HAL_Driver/Src/stm32f1xx_hal_gpio.o
                0x08003524                HAL_GPIO_WritePin
 .text.HAL_GPIO_TogglePin
                0x08003554       0x32 ./Drivers/STM32F1xx_HAL_Driver/Src/stm32f1xx_hal_gpio.o
                0x08003554                HAL_GPIO_TogglePin
 *fill*         0x08003586        0x2 
 .text.HAL_GPIO_EXTI_IRQHandler
                0x08003588       0x30 ./Drivers/STM32F1xx_HAL_Driver/Src/stm32f1xx_hal_gpio.o
                0x08003588                HAL_GPIO_EXTI_IRQHandler
 .text.HAL_I2C_Init
                0x080035b8      0x288 ./Drivers/STM32F1xx_HAL_Driver/Src/stm32f1xx_hal_i2c.o
                0x080035b8                HAL_I2C_Init
 .text.I2C_Flush_DR
                0x08003840       0x28 ./Drivers/STM32F1xx_HAL_Driver/Src/stm32f1xx_hal_i2c.o
 .text.HAL_I2C_Master_Transmit_DMA
                0x08003868      0x248 ./Drivers/STM32F1xx_HAL_Driver/Src/stm32f1xx_hal_i2c.o
                0x08003868                HAL_I2C_Master_Transmit_DMA
 .text.HAL_I2C_IsDeviceReady
                0x08003ab0      0x25c ./Drivers/STM32F1xx_HAL_Driver/Src/stm32f1xx_hal_i2c.o
                0x08003ab0                HAL_I2C_IsDeviceReady
 .text.HAL_I2C_Master_Seq_Transmit_DMA
                0x08003d0c      0x2bc ./Drivers/STM32F1xx_HAL_Driver/Src/stm32f1xx_hal_i2c.o
                0x08003d0c                HAL_I2C_Master_Seq_Transmit_DMA
 .text.HAL_I2C_Master_Seq_Receive_DMA
                0x08003fc8      0x364 ./Drivers/STM32F1xx_HAL_Driver/Src/stm32f1xx_hal_i2c.o
                0x08003fc8                HAL_I2C_Master_Seq_Receive_DMA
 .text.HAL_I2C_EV_IRQHandler
                0x0800432c      0x2e2 ./Drivers/STM32F1xx_HAL_Driver/Src/stm32f1xx_hal_i2c.o
                0x0800432c                HAL_I2C_EV_IRQHandler
 .text.HAL_I2C_SlaveTxCpltCallback
                0x0800460e       0x12 ./Drivers/STM32F1xx_HAL_Driver/Src/stm32f1xx_hal_i2c.o
                0x0800460e                HAL_I2C_SlaveTxCpltCallback
 .text.HAL_I2C_SlaveRxCpltCallback
                0x08004620       0x12 ./Drivers/STM32F1xx_HAL_Driver/Src/stm32f1xx_hal_i2c.o
                0x08004620                HAL_I2C_SlaveRxCpltCallback
 .text.HAL_I2C_AddrCallback
                0x08004632       0x1a ./Drivers/STM32F1xx_HAL_Driver/Src/stm32f1xx_hal_i2c.o
                0x08004632                HAL_I2C_AddrCallback
 .text.HAL_I2C_ListenCpltCallback
                0x0800464c       0x12 ./Drivers/STM32F1xx_HAL_Driver/Src/stm32f1xx_hal_i2c.o
                0x0800464c                HAL_I2C_ListenCpltCallback
 .text.HAL_I2C_MemTxCpltCallback
                0x0800465e       0x12 ./Drivers/STM32F1xx_HAL_Driver/Src/stm32f1xx_hal_i2c.o
                0x0800465e                HAL_I2C_MemTxCpltCallback
 .text.HAL_I2C_MemRxCpltCallback
                0x08004670       0x12 ./Drivers/STM32F1xx_HAL_Driver/Src/stm32f1xx_hal_i2c.o
                0x08004670                HAL_I2C_MemRxCpltCallback
 .text.HAL_I2C_ErrorCallback
                0x08004682       0x12 ./Drivers/STM32F1xx_HAL_Driver/Src/stm32f1xx_hal_i2c.o
                0x08004682                HAL_I2C_ErrorCallback
 .text.HAL_I2C_AbortCpltCallback
                0x08004694       0x12 ./Drivers/STM32F1xx_HAL_Driver/Src/stm32f1xx_hal_i2c.o
                0x08004694                HAL_I2C_AbortCpltCallback
 .text.HAL_I2C_GetState
                0x080046a6       0x1a ./Drivers/STM32F1xx_HAL_Driver/Src/stm32f1xx_hal_i2c.o
                0x080046a6                HAL_I2C_GetState
 .text.I2C_MasterTransmit_TXE
                0x080046c0      0x138 ./Drivers/STM32F1xx_HAL_Driver/Src/stm32f1xx_hal_i2c.o
 .text.I2C_MasterTransmit_BTF
                0x080047f8       0xec ./Drivers/STM32F1xx_HAL_Driver/Src/stm32f1xx_hal_i2c.o
 .text.I2C_MemoryTransmit_TXE_BTF
                0x080048e4      0x130 ./Drivers/STM32F1xx_HAL_Driver/Src/stm32f1xx_hal_i2c.o
 .text.I2C_MasterReceive_RXNE
                0x08004a14      0x190 ./Drivers/STM32F1xx_HAL_Driver/Src/stm32f1xx_hal_i2c.o
 .text.I2C_MasterReceive_BTF
                0x08004ba4      0x1e2 ./Drivers/STM32F1xx_HAL_Driver/Src/stm32f1xx_hal_i2c.o
 .text.I2C_Master_SB
                0x08004d86      0x10a ./Drivers/STM32F1xx_HAL_Driver/Src/stm32f1xx_hal_i2c.o
 .text.I2C_Master_ADD10
                0x08004e90       0x52 ./Drivers/STM32F1xx_HAL_Driver/Src/stm32f1xx_hal_i2c.o
 .text.I2C_Master_ADDR
                0x08004ee2      0x336 ./Drivers/STM32F1xx_HAL_Driver/Src/stm32f1xx_hal_i2c.o
 .text.I2C_SlaveTransmit_TXE
                0x08005218       0x7a ./Drivers/STM32F1xx_HAL_Driver/Src/stm32f1xx_hal_i2c.o
 .text.I2C_SlaveTransmit_BTF
                0x08005292       0x40 ./Drivers/STM32F1xx_HAL_Driver/Src/stm32f1xx_hal_i2c.o
 .text.I2C_SlaveReceive_RXNE
                0x080052d2       0x7c ./Drivers/STM32F1xx_HAL_Driver/Src/stm32f1xx_hal_i2c.o
 .text.I2C_SlaveReceive_BTF
                0x0800534e       0x42 ./Drivers/STM32F1xx_HAL_Driver/Src/stm32f1xx_hal_i2c.o
 .text.I2C_Slave_ADDR
                0x08005390       0x94 ./Drivers/STM32F1xx_HAL_Driver/Src/stm32f1xx_hal_i2c.o
 .text.I2C_Slave_STOPF
                0x08005424      0x260 ./Drivers/STM32F1xx_HAL_Driver/Src/stm32f1xx_hal_i2c.o
 .text.I2C_ITError
                0x08005684      0x264 ./Drivers/STM32F1xx_HAL_Driver/Src/stm32f1xx_hal_i2c.o
 .text.I2C_DMAXferCplt
                0x080058e8      0x1be ./Drivers/STM32F1xx_HAL_Driver/Src/stm32f1xx_hal_i2c.o
 .text.I2C_DMAError
                0x08005aa6       0x6e ./Drivers/STM32F1xx_HAL_Driver/Src/stm32f1xx_hal_i2c.o
 .text.I2C_DMAAbort
                0x08005b14      0x150 ./Drivers/STM32F1xx_HAL_Driver/Src/stm32f1xx_hal_i2c.o
 .text.I2C_WaitOnFlagUntilTimeout
                0x08005c64       0xf4 ./Drivers/STM32F1xx_HAL_Driver/Src/stm32f1xx_hal_i2c.o
 .text.I2C_WaitOnSTOPRequestThroughIT
                0x08005d58       0x64 ./Drivers/STM32F1xx_HAL_Driver/Src/stm32f1xx_hal_i2c.o
 .text.I2C_ConvertOtherXferOptions
                0x08005dbc       0x34 ./Drivers/STM32F1xx_HAL_Driver/Src/stm32f1xx_hal_i2c.o
 .text.HAL_RCC_OscConfig
                0x08005df0      0x504 ./Drivers/STM32F1xx_HAL_Driver/Src/stm32f1xx_hal_rcc.o
                0x08005df0                HAL_RCC_OscConfig
 .text.HAL_RCC_ClockConfig
                0x080062f4      0x1d4 ./Drivers/STM32F1xx_HAL_Driver/Src/stm32f1xx_hal_rcc.o
                0x080062f4                HAL_RCC_ClockConfig
 .text.HAL_RCC_GetSysClockFreq
                0x080064c8       0xa8 ./Drivers/STM32F1xx_HAL_Driver/Src/stm32f1xx_hal_rcc.o
                0x080064c8                HAL_RCC_GetSysClockFreq
 .text.HAL_RCC_GetHCLKFreq
                0x08006570       0x14 ./Drivers/STM32F1xx_HAL_Driver/Src/stm32f1xx_hal_rcc.o
                0x08006570                HAL_RCC_GetHCLKFreq
 .text.HAL_RCC_GetPCLK1Freq
                0x08006584       0x28 ./Drivers/STM32F1xx_HAL_Driver/Src/stm32f1xx_hal_rcc.o
                0x08006584                HAL_RCC_GetPCLK1Freq
 .text.HAL_RCC_GetPCLK2Freq
                0x080065ac       0x28 ./Drivers/STM32F1xx_HAL_Driver/Src/stm32f1xx_hal_rcc.o
                0x080065ac                HAL_RCC_GetPCLK2Freq
 .text.HAL_RCC_GetClockConfig
                0x080065d4       0x60 ./Drivers/STM32F1xx_HAL_Driver/Src/stm32f1xx_hal_rcc.o
                0x080065d4                HAL_RCC_GetClockConfig
 .text.RCC_Delay
                0x08006634       0x3c ./Drivers/STM32F1xx_HAL_Driver/Src/stm32f1xx_hal_rcc.o
 .text.HAL_TIM_Base_Init
                0x08006670       0x9e ./Drivers/STM32F1xx_HAL_Driver/Src/stm32f1xx_hal_tim.o
                0x08006670                HAL_TIM_Base_Init
 .text.HAL_TIM_Base_MspInit
                0x0800670e       0x12 ./Drivers/STM32F1xx_HAL_Driver/Src/stm32f1xx_hal_tim.o
                0x0800670e                HAL_TIM_Base_MspInit
 .text.HAL_TIM_Base_Start_IT
                0x08006720       0xa4 ./Drivers/STM32F1xx_HAL_Driver/Src/stm32f1xx_hal_tim.o
                0x08006720                HAL_TIM_Base_Start_IT
 .text.HAL_TIM_IC_Init
                0x080067c4       0x9e ./Drivers/STM32F1xx_HAL_Driver/Src/stm32f1xx_hal_tim.o
                0x080067c4                HAL_TIM_IC_Init
 *fill*         0x08006862        0x2 
 .text.HAL_TIM_IC_Start_IT
                0x08006864      0x218 ./Drivers/STM32F1xx_HAL_Driver/Src/stm32f1xx_hal_tim.o
                0x08006864                HAL_TIM_IC_Start_IT
 .text.HAL_TIM_IRQHandler
                0x08006a7c      0x1e0 ./Drivers/STM32F1xx_HAL_Driver/Src/stm32f1xx_hal_tim.o
                0x08006a7c                HAL_TIM_IRQHandler
 .text.HAL_TIM_IC_ConfigChannel
                0x08006c5c      0x138 ./Drivers/STM32F1xx_HAL_Driver/Src/stm32f1xx_hal_tim.o
                0x08006c5c                HAL_TIM_IC_ConfigChannel
 .text.HAL_TIM_ReadCapturedValue
                0x08006d94       0x88 ./Drivers/STM32F1xx_HAL_Driver/Src/stm32f1xx_hal_tim.o
                0x08006d94                HAL_TIM_ReadCapturedValue
 .text.HAL_TIM_OC_DelayElapsedCallback
                0x08006e1c       0x12 ./Drivers/STM32F1xx_HAL_Driver/Src/stm32f1xx_hal_tim.o
                0x08006e1c                HAL_TIM_OC_DelayElapsedCallback
 .text.HAL_TIM_PWM_PulseFinishedCallback
                0x08006e2e       0x12 ./Drivers/STM32F1xx_HAL_Driver/Src/stm32f1xx_hal_tim.o
                0x08006e2e                HAL_TIM_PWM_PulseFinishedCallback
 .text.HAL_TIM_TriggerCallback
                0x08006e40       0x12 ./Drivers/STM32F1xx_HAL_Driver/Src/stm32f1xx_hal_tim.o
                0x08006e40                HAL_TIM_TriggerCallback
 *fill*         0x08006e52        0x2 
 .text.TIM_Base_SetConfig
                0x08006e54       0xdc ./Drivers/STM32F1xx_HAL_Driver/Src/stm32f1xx_hal_tim.o
                0x08006e54                TIM_Base_SetConfig
 .text.TIM_TI1_SetConfig
                0x08006f30       0xb4 ./Drivers/STM32F1xx_HAL_Driver/Src/stm32f1xx_hal_tim.o
                0x08006f30                TIM_TI1_SetConfig
 .text.TIM_TI2_SetConfig
                0x08006fe4       0x78 ./Drivers/STM32F1xx_HAL_Driver/Src/stm32f1xx_hal_tim.o
 .text.TIM_TI3_SetConfig
                0x0800705c       0x76 ./Drivers/STM32F1xx_HAL_Driver/Src/stm32f1xx_hal_tim.o
 .text.TIM_TI4_SetConfig
                0x080070d2       0x78 ./Drivers/STM32F1xx_HAL_Driver/Src/stm32f1xx_hal_tim.o
 .text.TIM_CCxChannelCmd
                0x0800714a       0x48 ./Drivers/STM32F1xx_HAL_Driver/Src/stm32f1xx_hal_tim.o
                0x0800714a                TIM_CCxChannelCmd
 *fill*         0x08007192        0x2 
 .text.HAL_TIMEx_MasterConfigSynchronization
                0x08007194       0xbc ./Drivers/STM32F1xx_HAL_Driver/Src/stm32f1xx_hal_tim_ex.o
                0x08007194                HAL_TIMEx_MasterConfigSynchronization
 .text.HAL_TIMEx_CommutCallback
                0x08007250       0x12 ./Drivers/STM32F1xx_HAL_Driver/Src/stm32f1xx_hal_tim_ex.o
                0x08007250                HAL_TIMEx_CommutCallback
 .text.HAL_TIMEx_BreakCallback
                0x08007262       0x12 ./Drivers/STM32F1xx_HAL_Driver/Src/stm32f1xx_hal_tim_ex.o
                0x08007262                HAL_TIMEx_BreakCallback
 .text.__NVIC_SetPriority
                0x08007274       0x54 ./Middlewares/Third_Party/FreeRTOS/Source/CMSIS_RTOS_V2/cmsis_os2.o
 .text.SysTick_Handler
                0x080072c8       0x20 ./Middlewares/Third_Party/FreeRTOS/Source/CMSIS_RTOS_V2/cmsis_os2.o
                0x080072c8                SysTick_Handler
 .text.SVC_Setup
                0x080072e8       0x12 ./Middlewares/Third_Party/FreeRTOS/Source/CMSIS_RTOS_V2/cmsis_os2.o
 *fill*         0x080072fa        0x2 
 .text.osKernelInitialize
                0x080072fc       0x44 ./Middlewares/Third_Party/FreeRTOS/Source/CMSIS_RTOS_V2/cmsis_os2.o
                0x080072fc                osKernelInitialize
 .text.osKernelStart
                0x08007340       0x4c ./Middlewares/Third_Party/FreeRTOS/Source/CMSIS_RTOS_V2/cmsis_os2.o
                0x08007340                osKernelStart
 .text.osThreadNew
                0x0800738c      0x124 ./Middlewares/Third_Party/FreeRTOS/Source/CMSIS_RTOS_V2/cmsis_os2.o
                0x0800738c                osThreadNew
 .text.osDelay  0x080074b0       0x36 ./Middlewares/Third_Party/FreeRTOS/Source/CMSIS_RTOS_V2/cmsis_os2.o
                0x080074b0                osDelay
 .text.osMutexNew
                0x080074e6      0x10c ./Middlewares/Third_Party/FreeRTOS/Source/CMSIS_RTOS_V2/cmsis_os2.o
                0x080074e6                osMutexNew
 .text.osMutexAcquire
                0x080075f2       0x96 ./Middlewares/Third_Party/FreeRTOS/Source/CMSIS_RTOS_V2/cmsis_os2.o
                0x080075f2                osMutexAcquire
 .text.osMutexRelease
                0x08007688       0x7a ./Middlewares/Third_Party/FreeRTOS/Source/CMSIS_RTOS_V2/cmsis_os2.o
                0x08007688                osMutexRelease
 *fill*         0x08007702        0x2 
 .text.vApplicationGetIdleTaskMemory
                0x08007704       0x30 ./Middlewares/Third_Party/FreeRTOS/Source/CMSIS_RTOS_V2/cmsis_os2.o
                0x08007704                vApplicationGetIdleTaskMemory
 .text.vApplicationGetTimerTaskMemory
                0x08007734       0x34 ./Middlewares/Third_Party/FreeRTOS/Source/CMSIS_RTOS_V2/cmsis_os2.o
                0x08007734                vApplicationGetTimerTaskMemory
 .text.vListInitialise
                0x08007768       0x3e ./Middlewares/Third_Party/FreeRTOS/Source/list.o
                0x08007768                vListInitialise
 .text.vListInitialiseItem
                0x080077a6       0x18 ./Middlewares/Third_Party/FreeRTOS/Source/list.o
                0x080077a6                vListInitialiseItem
 .text.vListInsertEnd
                0x080077be       0x46 ./Middlewares/Third_Party/FreeRTOS/Source/list.o
                0x080077be                vListInsertEnd
 .text.vListInsert
                0x08007804       0x70 ./Middlewares/Third_Party/FreeRTOS/Source/list.o
                0x08007804                vListInsert
 .text.uxListRemove
                0x08007874       0x52 ./Middlewares/Third_Party/FreeRTOS/Source/list.o
                0x08007874                uxListRemove
 *fill*         0x080078c6        0x2 
 .text.xQueueGenericReset
                0x080078c8       0xd4 ./Middlewares/Third_Party/FreeRTOS/Source/queue.o
                0x080078c8                xQueueGenericReset
 .text.xQueueGenericCreateStatic
                0x0800799c       0xfa ./Middlewares/Third_Party/FreeRTOS/Source/queue.o
                0x0800799c                xQueueGenericCreateStatic
 .text.xQueueGenericCreate
                0x08007a96       0x76 ./Middlewares/Third_Party/FreeRTOS/Source/queue.o
                0x08007a96                xQueueGenericCreate
 .text.prvInitialiseNewQueue
                0x08007b0c       0x46 ./Middlewares/Third_Party/FreeRTOS/Source/queue.o
 .text.prvInitialiseMutex
                0x08007b52       0x34 ./Middlewares/Third_Party/FreeRTOS/Source/queue.o
 .text.xQueueCreateMutex
                0x08007b86       0x30 ./Middlewares/Third_Party/FreeRTOS/Source/queue.o
                0x08007b86                xQueueCreateMutex
 .text.xQueueCreateMutexStatic
                0x08007bb6       0x36 ./Middlewares/Third_Party/FreeRTOS/Source/queue.o
                0x08007bb6                xQueueCreateMutexStatic
 .text.xQueueGiveMutexRecursive
                0x08007bec       0x6a ./Middlewares/Third_Party/FreeRTOS/Source/queue.o
                0x08007bec                xQueueGiveMutexRecursive
 .text.xQueueTakeMutexRecursive
                0x08007c56       0x6e ./Middlewares/Third_Party/FreeRTOS/Source/queue.o
                0x08007c56                xQueueTakeMutexRecursive
 .text.xQueueGenericSend
                0x08007cc4      0x204 ./Middlewares/Third_Party/FreeRTOS/Source/queue.o
                0x08007cc4                xQueueGenericSend
 .text.xQueueGenericSendFromISR
                0x08007ec8      0x13c ./Middlewares/Third_Party/FreeRTOS/Source/queue.o
                0x08007ec8                xQueueGenericSendFromISR
 .text.xQueueReceive
                0x08008004      0x1c4 ./Middlewares/Third_Party/FreeRTOS/Source/queue.o
                0x08008004                xQueueReceive
 .text.xQueueSemaphoreTake
                0x080081c8      0x220 ./Middlewares/Third_Party/FreeRTOS/Source/queue.o
                0x080081c8                xQueueSemaphoreTake
 .text.prvGetDisinheritPriorityAfterTimeout
                0x080083e8       0x2e ./Middlewares/Third_Party/FreeRTOS/Source/queue.o
 .text.prvCopyDataToQueue
                0x08008416       0xd4 ./Middlewares/Third_Party/FreeRTOS/Source/queue.o
 .text.prvCopyDataFromQueue
                0x080084ea       0x4c ./Middlewares/Third_Party/FreeRTOS/Source/queue.o
 .text.prvUnlockQueue
                0x08008536       0xa4 ./Middlewares/Third_Party/FreeRTOS/Source/queue.o
 .text.prvIsQueueEmpty
                0x080085da       0x2c ./Middlewares/Third_Party/FreeRTOS/Source/queue.o
 .text.prvIsQueueFull
                0x08008606       0x30 ./Middlewares/Third_Party/FreeRTOS/Source/queue.o
 *fill*         0x08008636        0x2 
 .text.vQueueAddToRegistry
                0x08008638       0x50 ./Middlewares/Third_Party/FreeRTOS/Source/queue.o
                0x08008638                vQueueAddToRegistry
 .text.vQueueWaitForMessageRestricted
                0x08008688       0x68 ./Middlewares/Third_Party/FreeRTOS/Source/queue.o
                0x08008688                vQueueWaitForMessageRestricted
 .text.xTaskCreateStatic
                0x080086f0       0xc0 ./Middlewares/Third_Party/FreeRTOS/Source/tasks.o
                0x080086f0                xTaskCreateStatic
 .text.xTaskCreate
                0x080087b0       0x8a ./Middlewares/Third_Party/FreeRTOS/Source/tasks.o
                0x080087b0                xTaskCreate
 *fill*         0x0800883a        0x2 
 .text.prvInitialiseNewTask
                0x0800883c      0x150 ./Middlewares/Third_Party/FreeRTOS/Source/tasks.o
 .text.prvAddNewTaskToReadyList
                0x0800898c       0xe0 ./Middlewares/Third_Party/FreeRTOS/Source/tasks.o
 .text.vTaskDelay
                0x08008a6c       0x6c ./Middlewares/Third_Party/FreeRTOS/Source/tasks.o
                0x08008a6c                vTaskDelay
 .text.vTaskStartScheduler
                0x08008ad8       0xe0 ./Middlewares/Third_Party/FreeRTOS/Source/tasks.o
                0x08008ad8                vTaskStartScheduler
 .text.vTaskSuspendAll
                0x08008bb8       0x1c ./Middlewares/Third_Party/FreeRTOS/Source/tasks.o
                0x08008bb8                vTaskSuspendAll
 .text.xTaskResumeAll
                0x08008bd4      0x13c ./Middlewares/Third_Party/FreeRTOS/Source/tasks.o
                0x08008bd4                xTaskResumeAll
 .text.xTaskGetTickCount
                0x08008d10       0x1c ./Middlewares/Third_Party/FreeRTOS/Source/tasks.o
                0x08008d10                xTaskGetTickCount
 .text.xTaskIncrementTick
                0x08008d2c      0x174 ./Middlewares/Third_Party/FreeRTOS/Source/tasks.o
                0x08008d2c                xTaskIncrementTick
 .text.vTaskSwitchContext
                0x08008ea0       0xc8 ./Middlewares/Third_Party/FreeRTOS/Source/tasks.o
                0x08008ea0                vTaskSwitchContext
 .text.vTaskPlaceOnEventList
                0x08008f68       0x4c ./Middlewares/Third_Party/FreeRTOS/Source/tasks.o
                0x08008f68                vTaskPlaceOnEventList
 .text.vTaskPlaceOnEventListRestricted
                0x08008fb4       0x58 ./Middlewares/Third_Party/FreeRTOS/Source/tasks.o
                0x08008fb4                vTaskPlaceOnEventListRestricted
 .text.xTaskRemoveFromEventList
                0x0800900c       0xc8 ./Middlewares/Third_Party/FreeRTOS/Source/tasks.o
                0x0800900c                xTaskRemoveFromEventList
 .text.vTaskInternalSetTimeOutState
                0x080090d4       0x2c ./Middlewares/Third_Party/FreeRTOS/Source/tasks.o
                0x080090d4                vTaskInternalSetTimeOutState
 .text.xTaskCheckForTimeOut
                0x08009100       0xc8 ./Middlewares/Third_Party/FreeRTOS/Source/tasks.o
                0x08009100                xTaskCheckForTimeOut
 .text.vTaskMissedYield
                0x080091c8       0x18 ./Middlewares/Third_Party/FreeRTOS/Source/tasks.o
                0x080091c8                vTaskMissedYield
 .text.prvIdleTask
                0x080091e0       0x30 ./Middlewares/Third_Party/FreeRTOS/Source/tasks.o
 .text.prvInitialiseTaskLists
                0x08009210       0x80 ./Middlewares/Third_Party/FreeRTOS/Source/tasks.o
 .text.prvCheckTasksWaitingTermination
                0x08009290       0x5c ./Middlewares/Third_Party/FreeRTOS/Source/tasks.o
 .text.prvDeleteTCB
                0x080092ec       0x6a ./Middlewares/Third_Party/FreeRTOS/Source/tasks.o
 *fill*         0x08009356        0x2 
 .text.prvResetNextTaskUnblockTime
                0x08009358       0x40 ./Middlewares/Third_Party/FreeRTOS/Source/tasks.o
 .text.xTaskGetCurrentTaskHandle
                0x08009398       0x1c ./Middlewares/Third_Party/FreeRTOS/Source/tasks.o
                0x08009398                xTaskGetCurrentTaskHandle
 .text.xTaskGetSchedulerState
                0x080093b4       0x3c ./Middlewares/Third_Party/FreeRTOS/Source/tasks.o
                0x080093b4                xTaskGetSchedulerState
 .text.xTaskPriorityInherit
                0x080093f0       0xd0 ./Middlewares/Third_Party/FreeRTOS/Source/tasks.o
                0x080093f0                xTaskPriorityInherit
 .text.xTaskPriorityDisinherit
                0x080094c0       0xe0 ./Middlewares/Third_Party/FreeRTOS/Source/tasks.o
                0x080094c0                xTaskPriorityDisinherit
 .text.vTaskPriorityDisinheritAfterTimeout
                0x080095a0      0x108 ./Middlewares/Third_Party/FreeRTOS/Source/tasks.o
                0x080095a0                vTaskPriorityDisinheritAfterTimeout
 .text.pvTaskIncrementMutexHeldCount
                0x080096a8       0x28 ./Middlewares/Third_Party/FreeRTOS/Source/tasks.o
                0x080096a8                pvTaskIncrementMutexHeldCount
 .text.prvAddCurrentTaskToDelayedList
                0x080096d0       0xa8 ./Middlewares/Third_Party/FreeRTOS/Source/tasks.o
 .text.xTimerCreateTimerTask
                0x08009778       0x94 ./Middlewares/Third_Party/FreeRTOS/Source/timers.o
                0x08009778                xTimerCreateTimerTask
 .text.xTimerGenericCommand
                0x0800980c       0x9c ./Middlewares/Third_Party/FreeRTOS/Source/timers.o
                0x0800980c                xTimerGenericCommand
 .text.prvProcessExpiredTimer
                0x080098a8       0x9c ./Middlewares/Third_Party/FreeRTOS/Source/timers.o
 .text.prvTimerTask
                0x08009944       0x26 ./Middlewares/Third_Party/FreeRTOS/Source/timers.o
 *fill*         0x0800996a        0x2 
 .text.prvProcessTimerOrBlockTask
                0x0800996c       0x9c ./Middlewares/Third_Party/FreeRTOS/Source/timers.o
 .text.prvGetNextExpireTime
                0x08009a08       0x44 ./Middlewares/Third_Party/FreeRTOS/Source/timers.o
 .text.prvSampleTimeNow
                0x08009a4c       0x40 ./Middlewares/Third_Party/FreeRTOS/Source/timers.o
 .text.prvInsertTimerInActiveList
                0x08009a8c       0x84 ./Middlewares/Third_Party/FreeRTOS/Source/timers.o
 .text.prvProcessReceivedCommands
                0x08009b10      0x1cc ./Middlewares/Third_Party/FreeRTOS/Source/timers.o
 .text.prvSwitchTimerLists
                0x08009cdc       0xcc ./Middlewares/Third_Party/FreeRTOS/Source/timers.o
 .text.prvCheckForValidListAndQueue
                0x08009da8       0x80 ./Middlewares/Third_Party/FreeRTOS/Source/timers.o
 .text.pxPortInitialiseStack
                0x08009e28       0x58 ./Middlewares/Third_Party/FreeRTOS/Source/portable/GCC/ARM_CM3/port.o
                0x08009e28                pxPortInitialiseStack
 .text.prvTaskExitError
                0x08009e80       0x58 ./Middlewares/Third_Party/FreeRTOS/Source/portable/GCC/ARM_CM3/port.o
 *fill*         0x08009ed8        0x8 
 .text.SVC_Handler
                0x08009ee0       0x28 ./Middlewares/Third_Party/FreeRTOS/Source/portable/GCC/ARM_CM3/port.o
                0x08009ee0                SVC_Handler
 .text.prvPortStartFirstTask
                0x08009f08       0x20 ./Middlewares/Third_Party/FreeRTOS/Source/portable/GCC/ARM_CM3/port.o
 .text.xPortStartScheduler
                0x08009f28       0xe4 ./Middlewares/Third_Party/FreeRTOS/Source/portable/GCC/ARM_CM3/port.o
                0x08009f28                xPortStartScheduler
 .text.vPortEnterCritical
                0x0800a00c       0x60 ./Middlewares/Third_Party/FreeRTOS/Source/portable/GCC/ARM_CM3/port.o
                0x0800a00c                vPortEnterCritical
 .text.vPortExitCritical
                0x0800a06c       0x54 ./Middlewares/Third_Party/FreeRTOS/Source/portable/GCC/ARM_CM3/port.o
                0x0800a06c                vPortExitCritical
 .text.PendSV_Handler
                0x0800a0c0       0x48 ./Middlewares/Third_Party/FreeRTOS/Source/portable/GCC/ARM_CM3/port.o
                0x0800a0c0                PendSV_Handler
 .text.xPortSysTickHandler
                0x0800a108       0x44 ./Middlewares/Third_Party/FreeRTOS/Source/portable/GCC/ARM_CM3/port.o
                0x0800a108                xPortSysTickHandler
 .text.vPortSetupTimerInterrupt
                0x0800a14c       0x44 ./Middlewares/Third_Party/FreeRTOS/Source/portable/GCC/ARM_CM3/port.o
                0x0800a14c                vPortSetupTimerInterrupt
 .text.vPortValidateInterruptPriority
                0x0800a190       0x80 ./Middlewares/Third_Party/FreeRTOS/Source/portable/GCC/ARM_CM3/port.o
                0x0800a190                vPortValidateInterruptPriority
 .text.pvPortMalloc
                0x0800a210      0x19c ./Middlewares/Third_Party/FreeRTOS/Source/portable/MemMang/heap_4.o
                0x0800a210                pvPortMalloc
 .text.vPortFree
                0x0800a3ac       0xc8 ./Middlewares/Third_Party/FreeRTOS/Source/portable/MemMang/heap_4.o
                0x0800a3ac                vPortFree
 .text.prvHeapInit
                0x0800a474       0xc4 ./Middlewares/Third_Party/FreeRTOS/Source/portable/MemMang/heap_4.o
 .text.prvInsertBlockIntoFreeList
                0x0800a538       0xb0 ./Middlewares/Third_Party/FreeRTOS/Source/portable/MemMang/heap_4.o
 .text.malloc   0x0800a5e8       0x10 E:/STM32CubeIDE_1.16.1/STM32CubeIDE/plugins/com.st.stm32cube.ide.mcu.externaltools.gnu-tools-for-stm32.13.3.rel1.win32_1.0.0.202411081344/tools/bin/../lib/gcc/arm-none-eabi/13.3.1/../../../../arm-none-eabi/lib/thumb/v7-m/nofp\libc_nano.a(libc_a-malloc.o)
                0x0800a5e8                malloc
 .text.free     0x0800a5f8       0x10 E:/STM32CubeIDE_1.16.1/STM32CubeIDE/plugins/com.st.stm32cube.ide.mcu.externaltools.gnu-tools-for-stm32.13.3.rel1.win32_1.0.0.202411081344/tools/bin/../lib/gcc/arm-none-eabi/13.3.1/../../../../arm-none-eabi/lib/thumb/v7-m/nofp\libc_nano.a(libc_a-malloc.o)
                0x0800a5f8                free
 .text.sbrk_aligned
                0x0800a608       0x44 E:/STM32CubeIDE_1.16.1/STM32CubeIDE/plugins/com.st.stm32cube.ide.mcu.externaltools.gnu-tools-for-stm32.13.3.rel1.win32_1.0.0.202411081344/tools/bin/../lib/gcc/arm-none-eabi/13.3.1/../../../../arm-none-eabi/lib/thumb/v7-m/nofp\libc_nano.a(libc_a-mallocr.o)
 .text._malloc_r
                0x0800a64c      0x100 E:/STM32CubeIDE_1.16.1/STM32CubeIDE/plugins/com.st.stm32cube.ide.mcu.externaltools.gnu-tools-for-stm32.13.3.rel1.win32_1.0.0.202411081344/tools/bin/../lib/gcc/arm-none-eabi/13.3.1/../../../../arm-none-eabi/lib/thumb/v7-m/nofp\libc_nano.a(libc_a-mallocr.o)
                0x0800a64c                _malloc_r
 .text.__malloc_lock
                0x0800a74c        0xc E:/STM32CubeIDE_1.16.1/STM32CubeIDE/plugins/com.st.stm32cube.ide.mcu.externaltools.gnu-tools-for-stm32.13.3.rel1.win32_1.0.0.202411081344/tools/bin/../lib/gcc/arm-none-eabi/13.3.1/../../../../arm-none-eabi/lib/thumb/v7-m/nofp\libc_nano.a(libc_a-mlock.o)
                0x0800a74c                __malloc_lock
 .text.__malloc_unlock
                0x0800a758        0xc E:/STM32CubeIDE_1.16.1/STM32CubeIDE/plugins/com.st.stm32cube.ide.mcu.externaltools.gnu-tools-for-stm32.13.3.rel1.win32_1.0.0.202411081344/tools/bin/../lib/gcc/arm-none-eabi/13.3.1/../../../../arm-none-eabi/lib/thumb/v7-m/nofp\libc_nano.a(libc_a-mlock.o)
                0x0800a758                __malloc_unlock
 .text.std      0x0800a764       0x6c E:/STM32CubeIDE_1.16.1/STM32CubeIDE/plugins/com.st.stm32cube.ide.mcu.externaltools.gnu-tools-for-stm32.13.3.rel1.win32_1.0.0.202411081344/tools/bin/../lib/gcc/arm-none-eabi/13.3.1/../../../../arm-none-eabi/lib/thumb/v7-m/nofp\libc_nano.a(libc_a-findfp.o)
 .text.stdio_exit_handler
                0x0800a7d0       0x18 E:/STM32CubeIDE_1.16.1/STM32CubeIDE/plugins/com.st.stm32cube.ide.mcu.externaltools.gnu-tools-for-stm32.13.3.rel1.win32_1.0.0.202411081344/tools/bin/../lib/gcc/arm-none-eabi/13.3.1/../../../../arm-none-eabi/lib/thumb/v7-m/nofp\libc_nano.a(libc_a-findfp.o)
 .text.cleanup_stdio
                0x0800a7e8       0x40 E:/STM32CubeIDE_1.16.1/STM32CubeIDE/plugins/com.st.stm32cube.ide.mcu.externaltools.gnu-tools-for-stm32.13.3.rel1.win32_1.0.0.202411081344/tools/bin/../lib/gcc/arm-none-eabi/13.3.1/../../../../arm-none-eabi/lib/thumb/v7-m/nofp\libc_nano.a(libc_a-findfp.o)
 .text.global_stdio_init.part.0
                0x0800a828       0x3c E:/STM32CubeIDE_1.16.1/STM32CubeIDE/plugins/com.st.stm32cube.ide.mcu.externaltools.gnu-tools-for-stm32.13.3.rel1.win32_1.0.0.202411081344/tools/bin/../lib/gcc/arm-none-eabi/13.3.1/../../../../arm-none-eabi/lib/thumb/v7-m/nofp\libc_nano.a(libc_a-findfp.o)
 .text.__sfp_lock_acquire
                0x0800a864        0xc E:/STM32CubeIDE_1.16.1/STM32CubeIDE/plugins/com.st.stm32cube.ide.mcu.externaltools.gnu-tools-for-stm32.13.3.rel1.win32_1.0.0.202411081344/tools/bin/../lib/gcc/arm-none-eabi/13.3.1/../../../../arm-none-eabi/lib/thumb/v7-m/nofp\libc_nano.a(libc_a-findfp.o)
                0x0800a864                __sfp_lock_acquire
 .text.__sfp_lock_release
                0x0800a870        0xc E:/STM32CubeIDE_1.16.1/STM32CubeIDE/plugins/com.st.stm32cube.ide.mcu.externaltools.gnu-tools-for-stm32.13.3.rel1.win32_1.0.0.202411081344/tools/bin/../lib/gcc/arm-none-eabi/13.3.1/../../../../arm-none-eabi/lib/thumb/v7-m/nofp\libc_nano.a(libc_a-findfp.o)
                0x0800a870                __sfp_lock_release
 .text.__sinit  0x0800a87c       0x30 E:/STM32CubeIDE_1.16.1/STM32CubeIDE/plugins/com.st.stm32cube.ide.mcu.externaltools.gnu-tools-for-stm32.13.3.rel1.win32_1.0.0.202411081344/tools/bin/../lib/gcc/arm-none-eabi/13.3.1/../../../../arm-none-eabi/lib/thumb/v7-m/nofp\libc_nano.a(libc_a-findfp.o)
                0x0800a87c                __sinit
 .text._fwalk_sglue
                0x0800a8ac       0x3c E:/STM32CubeIDE_1.16.1/STM32CubeIDE/plugins/com.st.stm32cube.ide.mcu.externaltools.gnu-tools-for-stm32.13.3.rel1.win32_1.0.0.202411081344/tools/bin/../lib/gcc/arm-none-eabi/13.3.1/../../../../arm-none-eabi/lib/thumb/v7-m/nofp\libc_nano.a(libc_a-fwalk.o)
                0x0800a8ac                _fwalk_sglue
 .text._puts_r  0x0800a8e8       0xaa E:/STM32CubeIDE_1.16.1/STM32CubeIDE/plugins/com.st.stm32cube.ide.mcu.externaltools.gnu-tools-for-stm32.13.3.rel1.win32_1.0.0.202411081344/tools/bin/../lib/gcc/arm-none-eabi/13.3.1/../../../../arm-none-eabi/lib/thumb/v7-m/nofp\libc_nano.a(libc_a-puts.o)
                0x0800a8e8                _puts_r
 *fill*         0x0800a992        0x2 
 .text.puts     0x0800a994       0x10 E:/STM32CubeIDE_1.16.1/STM32CubeIDE/plugins/com.st.stm32cube.ide.mcu.externaltools.gnu-tools-for-stm32.13.3.rel1.win32_1.0.0.202411081344/tools/bin/../lib/gcc/arm-none-eabi/13.3.1/../../../../arm-none-eabi/lib/thumb/v7-m/nofp\libc_nano.a(libc_a-puts.o)
                0x0800a994                puts
 .text.__sread  0x0800a9a4       0x22 E:/STM32CubeIDE_1.16.1/STM32CubeIDE/plugins/com.st.stm32cube.ide.mcu.externaltools.gnu-tools-for-stm32.13.3.rel1.win32_1.0.0.202411081344/tools/bin/../lib/gcc/arm-none-eabi/13.3.1/../../../../arm-none-eabi/lib/thumb/v7-m/nofp\libc_nano.a(libc_a-stdio.o)
                0x0800a9a4                __sread
 .text.__swrite
                0x0800a9c6       0x38 E:/STM32CubeIDE_1.16.1/STM32CubeIDE/plugins/com.st.stm32cube.ide.mcu.externaltools.gnu-tools-for-stm32.13.3.rel1.win32_1.0.0.202411081344/tools/bin/../lib/gcc/arm-none-eabi/13.3.1/../../../../arm-none-eabi/lib/thumb/v7-m/nofp\libc_nano.a(libc_a-stdio.o)
                0x0800a9c6                __swrite
 .text.__sseek  0x0800a9fe       0x24 E:/STM32CubeIDE_1.16.1/STM32CubeIDE/plugins/com.st.stm32cube.ide.mcu.externaltools.gnu-tools-for-stm32.13.3.rel1.win32_1.0.0.202411081344/tools/bin/../lib/gcc/arm-none-eabi/13.3.1/../../../../arm-none-eabi/lib/thumb/v7-m/nofp\libc_nano.a(libc_a-stdio.o)
                0x0800a9fe                __sseek
 .text.__sclose
                0x0800aa22        0x8 E:/STM32CubeIDE_1.16.1/STM32CubeIDE/plugins/com.st.stm32cube.ide.mcu.externaltools.gnu-tools-for-stm32.13.3.rel1.win32_1.0.0.202411081344/tools/bin/../lib/gcc/arm-none-eabi/13.3.1/../../../../arm-none-eabi/lib/thumb/v7-m/nofp\libc_nano.a(libc_a-stdio.o)
                0x0800aa22                __sclose
 .text.__swbuf_r
                0x0800aa2a       0x7c E:/STM32CubeIDE_1.16.1/STM32CubeIDE/plugins/com.st.stm32cube.ide.mcu.externaltools.gnu-tools-for-stm32.13.3.rel1.win32_1.0.0.202411081344/tools/bin/../lib/gcc/arm-none-eabi/13.3.1/../../../../arm-none-eabi/lib/thumb/v7-m/nofp\libc_nano.a(libc_a-wbuf.o)
                0x0800aa2a                __swbuf_r
 *fill*         0x0800aaa6        0x2 
 .text.__swsetup_r
                0x0800aaa8       0xac E:/STM32CubeIDE_1.16.1/STM32CubeIDE/plugins/com.st.stm32cube.ide.mcu.externaltools.gnu-tools-for-stm32.13.3.rel1.win32_1.0.0.202411081344/tools/bin/../lib/gcc/arm-none-eabi/13.3.1/../../../../arm-none-eabi/lib/thumb/v7-m/nofp\libc_nano.a(libc_a-wsetup.o)
                0x0800aaa8                __swsetup_r
 .text.memcmp   0x0800ab54       0x20 E:/STM32CubeIDE_1.16.1/STM32CubeIDE/plugins/com.st.stm32cube.ide.mcu.externaltools.gnu-tools-for-stm32.13.3.rel1.win32_1.0.0.202411081344/tools/bin/../lib/gcc/arm-none-eabi/13.3.1/../../../../arm-none-eabi/lib/thumb/v7-m/nofp\libc_nano.a(libc_a-memcmp.o)
                0x0800ab54                memcmp
 .text.memset   0x0800ab74       0x10 E:/STM32CubeIDE_1.16.1/STM32CubeIDE/plugins/com.st.stm32cube.ide.mcu.externaltools.gnu-tools-for-stm32.13.3.rel1.win32_1.0.0.202411081344/tools/bin/../lib/gcc/arm-none-eabi/13.3.1/../../../../arm-none-eabi/lib/thumb/v7-m/nofp\libc_nano.a(libc_a-memset.o)
                0x0800ab74                memset
 .text._close_r
                0x0800ab84       0x20 E:/STM32CubeIDE_1.16.1/STM32CubeIDE/plugins/com.st.stm32cube.ide.mcu.externaltools.gnu-tools-for-stm32.13.3.rel1.win32_1.0.0.202411081344/tools/bin/../lib/gcc/arm-none-eabi/13.3.1/../../../../arm-none-eabi/lib/thumb/v7-m/nofp\libc_nano.a(libc_a-closer.o)
                0x0800ab84                _close_r
 .text._reclaim_reent
                0x0800aba4       0xbc E:/STM32CubeIDE_1.16.1/STM32CubeIDE/plugins/com.st.stm32cube.ide.mcu.externaltools.gnu-tools-for-stm32.13.3.rel1.win32_1.0.0.202411081344/tools/bin/../lib/gcc/arm-none-eabi/13.3.1/../../../../arm-none-eabi/lib/thumb/v7-m/nofp\libc_nano.a(libc_a-reent.o)
                0x0800aba4                _reclaim_reent
 .text._lseek_r
                0x0800ac60       0x24 E:/STM32CubeIDE_1.16.1/STM32CubeIDE/plugins/com.st.stm32cube.ide.mcu.externaltools.gnu-tools-for-stm32.13.3.rel1.win32_1.0.0.202411081344/tools/bin/../lib/gcc/arm-none-eabi/13.3.1/../../../../arm-none-eabi/lib/thumb/v7-m/nofp\libc_nano.a(libc_a-lseekr.o)
                0x0800ac60                _lseek_r
 .text._read_r  0x0800ac84       0x24 E:/STM32CubeIDE_1.16.1/STM32CubeIDE/plugins/com.st.stm32cube.ide.mcu.externaltools.gnu-tools-for-stm32.13.3.rel1.win32_1.0.0.202411081344/tools/bin/../lib/gcc/arm-none-eabi/13.3.1/../../../../arm-none-eabi/lib/thumb/v7-m/nofp\libc_nano.a(libc_a-readr.o)
                0x0800ac84                _read_r
 .text._sbrk_r  0x0800aca8       0x20 E:/STM32CubeIDE_1.16.1/STM32CubeIDE/plugins/com.st.stm32cube.ide.mcu.externaltools.gnu-tools-for-stm32.13.3.rel1.win32_1.0.0.202411081344/tools/bin/../lib/gcc/arm-none-eabi/13.3.1/../../../../arm-none-eabi/lib/thumb/v7-m/nofp\libc_nano.a(libc_a-sbrkr.o)
                0x0800aca8                _sbrk_r
 .text._write_r
                0x0800acc8       0x24 E:/STM32CubeIDE_1.16.1/STM32CubeIDE/plugins/com.st.stm32cube.ide.mcu.externaltools.gnu-tools-for-stm32.13.3.rel1.win32_1.0.0.202411081344/tools/bin/../lib/gcc/arm-none-eabi/13.3.1/../../../../arm-none-eabi/lib/thumb/v7-m/nofp\libc_nano.a(libc_a-writer.o)
                0x0800acc8                _write_r
 .text.__errno  0x0800acec        0xc E:/STM32CubeIDE_1.16.1/STM32CubeIDE/plugins/com.st.stm32cube.ide.mcu.externaltools.gnu-tools-for-stm32.13.3.rel1.win32_1.0.0.202411081344/tools/bin/../lib/gcc/arm-none-eabi/13.3.1/../../../../arm-none-eabi/lib/thumb/v7-m/nofp\libc_nano.a(libc_a-errno.o)
                0x0800acec                __errno
 .text.__libc_init_array
                0x0800acf8       0x48 E:/STM32CubeIDE_1.16.1/STM32CubeIDE/plugins/com.st.stm32cube.ide.mcu.externaltools.gnu-tools-for-stm32.13.3.rel1.win32_1.0.0.202411081344/tools/bin/../lib/gcc/arm-none-eabi/13.3.1/../../../../arm-none-eabi/lib/thumb/v7-m/nofp\libc_nano.a(libc_a-init.o)
                0x0800acf8                __libc_init_array
 .text.__retarget_lock_init_recursive
                0x0800ad40        0x2 E:/STM32CubeIDE_1.16.1/STM32CubeIDE/plugins/com.st.stm32cube.ide.mcu.externaltools.gnu-tools-for-stm32.13.3.rel1.win32_1.0.0.202411081344/tools/bin/../lib/gcc/arm-none-eabi/13.3.1/../../../../arm-none-eabi/lib/thumb/v7-m/nofp\libc_nano.a(libc_a-lock.o)
                0x0800ad40                __retarget_lock_init_recursive
 .text.__retarget_lock_acquire_recursive
                0x0800ad42        0x2 E:/STM32CubeIDE_1.16.1/STM32CubeIDE/plugins/com.st.stm32cube.ide.mcu.externaltools.gnu-tools-for-stm32.13.3.rel1.win32_1.0.0.202411081344/tools/bin/../lib/gcc/arm-none-eabi/13.3.1/../../../../arm-none-eabi/lib/thumb/v7-m/nofp\libc_nano.a(libc_a-lock.o)
                0x0800ad42                __retarget_lock_acquire_recursive
 .text.__retarget_lock_release_recursive
                0x0800ad44        0x2 E:/STM32CubeIDE_1.16.1/STM32CubeIDE/plugins/com.st.stm32cube.ide.mcu.externaltools.gnu-tools-for-stm32.13.3.rel1.win32_1.0.0.202411081344/tools/bin/../lib/gcc/arm-none-eabi/13.3.1/../../../../arm-none-eabi/lib/thumb/v7-m/nofp\libc_nano.a(libc_a-lock.o)
                0x0800ad44                __retarget_lock_release_recursive
 .text.memcpy   0x0800ad46       0x1c E:/STM32CubeIDE_1.16.1/STM32CubeIDE/plugins/com.st.stm32cube.ide.mcu.externaltools.gnu-tools-for-stm32.13.3.rel1.win32_1.0.0.202411081344/tools/bin/../lib/gcc/arm-none-eabi/13.3.1/../../../../arm-none-eabi/lib/thumb/v7-m/nofp\libc_nano.a(libc_a-memcpy-stub.o)
                0x0800ad46                memcpy
 *fill*         0x0800ad62        0x2 
 .text._free_r  0x0800ad64       0x90 E:/STM32CubeIDE_1.16.1/STM32CubeIDE/plugins/com.st.stm32cube.ide.mcu.externaltools.gnu-tools-for-stm32.13.3.rel1.win32_1.0.0.202411081344/tools/bin/../lib/gcc/arm-none-eabi/13.3.1/../../../../arm-none-eabi/lib/thumb/v7-m/nofp\libc_nano.a(libc_a-freer.o)
                0x0800ad64                _free_r
 .text.__sflush_r
                0x0800adf4      0x100 E:/STM32CubeIDE_1.16.1/STM32CubeIDE/plugins/com.st.stm32cube.ide.mcu.externaltools.gnu-tools-for-stm32.13.3.rel1.win32_1.0.0.202411081344/tools/bin/../lib/gcc/arm-none-eabi/13.3.1/../../../../arm-none-eabi/lib/thumb/v7-m/nofp\libc_nano.a(libc_a-fflush.o)
                0x0800adf4                __sflush_r
 .text._fflush_r
                0x0800aef4       0x50 E:/STM32CubeIDE_1.16.1/STM32CubeIDE/plugins/com.st.stm32cube.ide.mcu.externaltools.gnu-tools-for-stm32.13.3.rel1.win32_1.0.0.202411081344/tools/bin/../lib/gcc/arm-none-eabi/13.3.1/../../../../arm-none-eabi/lib/thumb/v7-m/nofp\libc_nano.a(libc_a-fflush.o)
                0x0800aef4                _fflush_r
 .text.__swhatbuf_r
                0x0800af44       0x4a E:/STM32CubeIDE_1.16.1/STM32CubeIDE/plugins/com.st.stm32cube.ide.mcu.externaltools.gnu-tools-for-stm32.13.3.rel1.win32_1.0.0.202411081344/tools/bin/../lib/gcc/arm-none-eabi/13.3.1/../../../../arm-none-eabi/lib/thumb/v7-m/nofp\libc_nano.a(libc_a-makebuf.o)
                0x0800af44                __swhatbuf_r
 .text.__smakebuf_r
                0x0800af8e       0x78 E:/STM32CubeIDE_1.16.1/STM32CubeIDE/plugins/com.st.stm32cube.ide.mcu.externaltools.gnu-tools-for-stm32.13.3.rel1.win32_1.0.0.202411081344/tools/bin/../lib/gcc/arm-none-eabi/13.3.1/../../../../arm-none-eabi/lib/thumb/v7-m/nofp\libc_nano.a(libc_a-makebuf.o)
                0x0800af8e                __smakebuf_r
 *fill*         0x0800b006        0x2 
 .text._fstat_r
                0x0800b008       0x24 E:/STM32CubeIDE_1.16.1/STM32CubeIDE/plugins/com.st.stm32cube.ide.mcu.externaltools.gnu-tools-for-stm32.13.3.rel1.win32_1.0.0.202411081344/tools/bin/../lib/gcc/arm-none-eabi/13.3.1/../../../../arm-none-eabi/lib/thumb/v7-m/nofp\libc_nano.a(libc_a-fstatr.o)
                0x0800b008                _fstat_r
 .text._isatty_r
                0x0800b02c       0x20 E:/STM32CubeIDE_1.16.1/STM32CubeIDE/plugins/com.st.stm32cube.ide.mcu.externaltools.gnu-tools-for-stm32.13.3.rel1.win32_1.0.0.202411081344/tools/bin/../lib/gcc/arm-none-eabi/13.3.1/../../../../arm-none-eabi/lib/thumb/v7-m/nofp\libc_nano.a(libc_a-isattyr.o)
                0x0800b02c                _isatty_r
 .text.atan2    0x0800b04c        0x4 E:/STM32CubeIDE_1.16.1/STM32CubeIDE/plugins/com.st.stm32cube.ide.mcu.externaltools.gnu-tools-for-stm32.13.3.rel1.win32_1.0.0.202411081344/tools/bin/../lib/gcc/arm-none-eabi/13.3.1/../../../../arm-none-eabi/lib/thumb/v7-m/nofp\libm.a(libm_a-w_atan2.o)
                0x0800b04c                atan2
 .text.sqrt     0x0800b050       0x48 E:/STM32CubeIDE_1.16.1/STM32CubeIDE/plugins/com.st.stm32cube.ide.mcu.externaltools.gnu-tools-for-stm32.13.3.rel1.win32_1.0.0.202411081344/tools/bin/../lib/gcc/arm-none-eabi/13.3.1/../../../../arm-none-eabi/lib/thumb/v7-m/nofp\libm.a(libm_a-w_sqrt.o)
                0x0800b050                sqrt
 .text.__ieee754_sqrt
                0x0800b098      0x1a4 E:/STM32CubeIDE_1.16.1/STM32CubeIDE/plugins/com.st.stm32cube.ide.mcu.externaltools.gnu-tools-for-stm32.13.3.rel1.win32_1.0.0.202411081344/tools/bin/../lib/gcc/arm-none-eabi/13.3.1/../../../../arm-none-eabi/lib/thumb/v7-m/nofp\libm.a(libm_a-e_sqrt.o)
                0x0800b098                __ieee754_sqrt
 *fill*         0x0800b23c        0x4 
 .text.__ieee754_atan2
                0x0800b240      0x1a4 E:/STM32CubeIDE_1.16.1/STM32CubeIDE/plugins/com.st.stm32cube.ide.mcu.externaltools.gnu-tools-for-stm32.13.3.rel1.win32_1.0.0.202411081344/tools/bin/../lib/gcc/arm-none-eabi/13.3.1/../../../../arm-none-eabi/lib/thumb/v7-m/nofp\libm.a(libm_a-e_atan2.o)
                0x0800b240                __ieee754_atan2
 *fill*         0x0800b3e4        0x4 
 .text.atan     0x0800b3e8      0x320 E:/STM32CubeIDE_1.16.1/STM32CubeIDE/plugins/com.st.stm32cube.ide.mcu.externaltools.gnu-tools-for-stm32.13.3.rel1.win32_1.0.0.202411081344/tools/bin/../lib/gcc/arm-none-eabi/13.3.1/../../../../arm-none-eabi/lib/thumb/v7-m/nofp\libm.a(libm_a-s_atan.o)
                0x0800b3e8                atan
 .text.fabs     0x0800b708        0x8 E:/STM32CubeIDE_1.16.1/STM32CubeIDE/plugins/com.st.stm32cube.ide.mcu.externaltools.gnu-tools-for-stm32.13.3.rel1.win32_1.0.0.202411081344/tools/bin/../lib/gcc/arm-none-eabi/13.3.1/../../../../arm-none-eabi/lib/thumb/v7-m/nofp\libm.a(libm_a-s_fabs.o)
                0x0800b708                fabs
 *(.glue_7)
 .glue_7        0x0800b710        0x0 linker stubs
 *(.glue_7t)
 .glue_7t       0x0800b710        0x0 linker stubs
 *(.eh_frame)
 .eh_frame      0x0800b710        0x0 E:/STM32CubeIDE_1.16.1/STM32CubeIDE/plugins/com.st.stm32cube.ide.mcu.externaltools.gnu-tools-for-stm32.13.3.rel1.win32_1.0.0.202411081344/tools/bin/../lib/gcc/arm-none-eabi/13.3.1/thumb/v7-m/nofp/crtbegin.o
 *(.init)
 .init          0x0800b710        0x4 E:/STM32CubeIDE_1.16.1/STM32CubeIDE/plugins/com.st.stm32cube.ide.mcu.externaltools.gnu-tools-for-stm32.13.3.rel1.win32_1.0.0.202411081344/tools/bin/../lib/gcc/arm-none-eabi/13.3.1/thumb/v7-m/nofp/crti.o
                0x0800b710                _init
 .init          0x0800b714        0x8 E:/STM32CubeIDE_1.16.1/STM32CubeIDE/plugins/com.st.stm32cube.ide.mcu.externaltools.gnu-tools-for-stm32.13.3.rel1.win32_1.0.0.202411081344/tools/bin/../lib/gcc/arm-none-eabi/13.3.1/thumb/v7-m/nofp/crtn.o
 *(.fini)
 .fini          0x0800b71c        0x4 E:/STM32CubeIDE_1.16.1/STM32CubeIDE/plugins/com.st.stm32cube.ide.mcu.externaltools.gnu-tools-for-stm32.13.3.rel1.win32_1.0.0.202411081344/tools/bin/../lib/gcc/arm-none-eabi/13.3.1/thumb/v7-m/nofp/crti.o
                0x0800b71c                _fini
 .fini          0x0800b720        0x8 E:/STM32CubeIDE_1.16.1/STM32CubeIDE/plugins/com.st.stm32cube.ide.mcu.externaltools.gnu-tools-for-stm32.13.3.rel1.win32_1.0.0.202411081344/tools/bin/../lib/gcc/arm-none-eabi/13.3.1/thumb/v7-m/nofp/crtn.o
                0x0800b728                        . = ALIGN (0x4)
                0x0800b728                        _etext = .

.vfp11_veneer   0x0800b728        0x0
 .vfp11_veneer  0x0800b728        0x0 linker stubs

.v4_bx          0x0800b728        0x0
 .v4_bx         0x0800b728        0x0 linker stubs

.iplt           0x0800b728        0x0
 .iplt          0x0800b728        0x0 E:/STM32CubeIDE_1.16.1/STM32CubeIDE/plugins/com.st.stm32cube.ide.mcu.externaltools.gnu-tools-for-stm32.13.3.rel1.win32_1.0.0.202411081344/tools/bin/../lib/gcc/arm-none-eabi/13.3.1/thumb/v7-m/nofp/crtbegin.o

.rodata         0x0800b728      0x1b0
                0x0800b728                        . = ALIGN (0x4)
 *(.rodata)
 .rodata        0x0800b728       0x4b ./Core/Src/main.o
 *fill*         0x0800b773        0x1 
 .rodata        0x0800b774        0x5 ./Middlewares/Third_Party/FreeRTOS/Source/tasks.o
 *fill*         0x0800b779        0x3 
 .rodata        0x0800b77c        0xd ./Middlewares/Third_Party/FreeRTOS/Source/timers.o
 *(.rodata*)
 *fill*         0x0800b789        0x3 
 .rodata.defaultTask_attributes
                0x0800b78c       0x24 ./Core/Src/main.o
                0x0800b78c                defaultTask_attributes
 .rodata.PIDTask_attributes
                0x0800b7b0       0x24 ./Core/Src/main.o
                0x0800b7b0                PIDTask_attributes
 .rodata.orientationTask_attributes
                0x0800b7d4       0x24 ./Core/Src/main.o
                0x0800b7d4                orientationTask_attributes
 .rodata.inputsTask_attributes
                0x0800b7f8       0x24 ./Core/Src/main.o
                0x0800b7f8                inputsTask_attributes
 .rodata.xMutex_attributes
                0x0800b81c       0x10 ./Core/Src/main.o
                0x0800b81c                xMutex_attributes
 .rodata.AHBPrescTable
                0x0800b82c       0x10 ./Core/Src/system_stm32f1xx.o
                0x0800b82c                AHBPrescTable
 .rodata.APBPrescTable
                0x0800b83c        0x8 ./Core/Src/system_stm32f1xx.o
                0x0800b83c                APBPrescTable
 .rodata.aPLLMULFactorTable.1
                0x0800b844       0x10 ./Drivers/STM32F1xx_HAL_Driver/Src/stm32f1xx_hal_rcc.o
 .rodata.aPredivFactorTable.0
                0x0800b854        0x2 ./Drivers/STM32F1xx_HAL_Driver/Src/stm32f1xx_hal_rcc.o
 *fill*         0x0800b856        0x2 
 .rodata.tiny   0x0800b858        0x8 E:/STM32CubeIDE_1.16.1/STM32CubeIDE/plugins/com.st.stm32cube.ide.mcu.externaltools.gnu-tools-for-stm32.13.3.rel1.win32_1.0.0.202411081344/tools/bin/../lib/gcc/arm-none-eabi/13.3.1/../../../../arm-none-eabi/lib/thumb/v7-m/nofp\libm.a(libm_a-e_sqrt.o)
 .rodata.one    0x0800b860        0x8 E:/STM32CubeIDE_1.16.1/STM32CubeIDE/plugins/com.st.stm32cube.ide.mcu.externaltools.gnu-tools-for-stm32.13.3.rel1.win32_1.0.0.202411081344/tools/bin/../lib/gcc/arm-none-eabi/13.3.1/../../../../arm-none-eabi/lib/thumb/v7-m/nofp\libm.a(libm_a-e_sqrt.o)
 .rodata.CSWTCH.9
                0x0800b868       0x18 E:/STM32CubeIDE_1.16.1/STM32CubeIDE/plugins/com.st.stm32cube.ide.mcu.externaltools.gnu-tools-for-stm32.13.3.rel1.win32_1.0.0.202411081344/tools/bin/../lib/gcc/arm-none-eabi/13.3.1/../../../../arm-none-eabi/lib/thumb/v7-m/nofp\libm.a(libm_a-e_atan2.o)
 .rodata.CSWTCH.8
                0x0800b880       0x18 E:/STM32CubeIDE_1.16.1/STM32CubeIDE/plugins/com.st.stm32cube.ide.mcu.externaltools.gnu-tools-for-stm32.13.3.rel1.win32_1.0.0.202411081344/tools/bin/../lib/gcc/arm-none-eabi/13.3.1/../../../../arm-none-eabi/lib/thumb/v7-m/nofp\libm.a(libm_a-e_atan2.o)
 .rodata.atanlo
                0x0800b898       0x20 E:/STM32CubeIDE_1.16.1/STM32CubeIDE/plugins/com.st.stm32cube.ide.mcu.externaltools.gnu-tools-for-stm32.13.3.rel1.win32_1.0.0.202411081344/tools/bin/../lib/gcc/arm-none-eabi/13.3.1/../../../../arm-none-eabi/lib/thumb/v7-m/nofp\libm.a(libm_a-s_atan.o)
 .rodata.atanhi
                0x0800b8b8       0x20 E:/STM32CubeIDE_1.16.1/STM32CubeIDE/plugins/com.st.stm32cube.ide.mcu.externaltools.gnu-tools-for-stm32.13.3.rel1.win32_1.0.0.202411081344/tools/bin/../lib/gcc/arm-none-eabi/13.3.1/../../../../arm-none-eabi/lib/thumb/v7-m/nofp\libm.a(libm_a-s_atan.o)
                0x0800b8d8                        . = ALIGN (0x4)

.flash          0x0800b8d8      0x789
 .flash         0x0800b8d8      0x789 ./Core/Src/mpu6050_lib.o

.ARM.extab      0x0800c061        0x3
                0x0800c064                        . = ALIGN (0x4)
 *fill*         0x0800c061        0x3 
 *(.ARM.extab* .gnu.linkonce.armextab.*)
                0x0800c064                        . = ALIGN (0x4)

.ARM            0x0800c064        0x0
                0x0800c064                        . = ALIGN (0x4)
                0x0800c064                        __exidx_start = .
 *(.ARM.exidx*)
                0x0800c064                        __exidx_end = .
                0x0800c064                        . = ALIGN (0x4)

.preinit_array  0x0800c064        0x0
                0x0800c064                        . = ALIGN (0x4)
                0x0800c064                        PROVIDE (__preinit_array_start = .)
 *(.preinit_array*)
                0x0800c064                        PROVIDE (__preinit_array_end = .)
                0x0800c064                        . = ALIGN (0x4)

.init_array     0x0800c064        0x4
                0x0800c064                        . = ALIGN (0x4)
                0x0800c064                        PROVIDE (__init_array_start = .)
 *(SORT_BY_NAME(.init_array.*))
 *(.init_array*)
 .init_array    0x0800c064        0x4 E:/STM32CubeIDE_1.16.1/STM32CubeIDE/plugins/com.st.stm32cube.ide.mcu.externaltools.gnu-tools-for-stm32.13.3.rel1.win32_1.0.0.202411081344/tools/bin/../lib/gcc/arm-none-eabi/13.3.1/thumb/v7-m/nofp/crtbegin.o
                0x0800c068                        PROVIDE (__init_array_end = .)
                0x0800c068                        . = ALIGN (0x4)

.fini_array     0x0800c068        0x4
                0x0800c068                        . = ALIGN (0x4)
                [!provide]                        PROVIDE (__fini_array_start = .)
 *(SORT_BY_NAME(.fini_array.*))
 *(.fini_array*)
 .fini_array    0x0800c068        0x4 E:/STM32CubeIDE_1.16.1/STM32CubeIDE/plugins/com.st.stm32cube.ide.mcu.externaltools.gnu-tools-for-stm32.13.3.rel1.win32_1.0.0.202411081344/tools/bin/../lib/gcc/arm-none-eabi/13.3.1/thumb/v7-m/nofp/crtbegin.o
                [!provide]                        PROVIDE (__fini_array_end = .)
                0x0800c06c                        . = ALIGN (0x4)
                0x0800c06c                        _sidata = LOADADDR (.data)

.rel.dyn        0x0800c06c        0x0
 .rel.iplt      0x0800c06c        0x0 E:/STM32CubeIDE_1.16.1/STM32CubeIDE/plugins/com.st.stm32cube.ide.mcu.externaltools.gnu-tools-for-stm32.13.3.rel1.win32_1.0.0.202411081344/tools/bin/../lib/gcc/arm-none-eabi/13.3.1/thumb/v7-m/nofp/crtbegin.o

.data           0x20000000       0x6c load address 0x0800c06c
                0x20000000                        . = ALIGN (0x4)
                0x20000000                        _sdata = .
 *(.data)
 *(.data*)
 .data.SystemCoreClock
                0x20000000        0x4 ./Core/Src/system_stm32f1xx.o
                0x20000000                SystemCoreClock
 .data.uwTickPrio
                0x20000004        0x4 ./Drivers/STM32F1xx_HAL_Driver/Src/stm32f1xx_hal.o
                0x20000004                uwTickPrio
 .data.uwTickFreq
                0x20000008        0x1 ./Drivers/STM32F1xx_HAL_Driver/Src/stm32f1xx_hal.o
                0x20000008                uwTickFreq
 *fill*         0x20000009        0x3 
 .data.uxCriticalNesting
                0x2000000c        0x4 ./Middlewares/Third_Party/FreeRTOS/Source/portable/GCC/ARM_CM3/port.o
 .data.__sglue  0x20000010        0xc E:/STM32CubeIDE_1.16.1/STM32CubeIDE/plugins/com.st.stm32cube.ide.mcu.externaltools.gnu-tools-for-stm32.13.3.rel1.win32_1.0.0.202411081344/tools/bin/../lib/gcc/arm-none-eabi/13.3.1/../../../../arm-none-eabi/lib/thumb/v7-m/nofp\libc_nano.a(libc_a-findfp.o)
                0x20000010                __sglue
 .data._impure_ptr
                0x2000001c        0x4 E:/STM32CubeIDE_1.16.1/STM32CubeIDE/plugins/com.st.stm32cube.ide.mcu.externaltools.gnu-tools-for-stm32.13.3.rel1.win32_1.0.0.202411081344/tools/bin/../lib/gcc/arm-none-eabi/13.3.1/../../../../arm-none-eabi/lib/thumb/v7-m/nofp\libc_nano.a(libc_a-impure.o)
                0x2000001c                _impure_ptr
 .data._impure_data
                0x20000020       0x4c E:/STM32CubeIDE_1.16.1/STM32CubeIDE/plugins/com.st.stm32cube.ide.mcu.externaltools.gnu-tools-for-stm32.13.3.rel1.win32_1.0.0.202411081344/tools/bin/../lib/gcc/arm-none-eabi/13.3.1/../../../../arm-none-eabi/lib/thumb/v7-m/nofp\libc_nano.a(libc_a-impure.o)
                0x20000020                _impure_data
 *(.RamFunc)
 *(.RamFunc*)
                0x2000006c                        . = ALIGN (0x4)
                0x2000006c                        _edata = .

.igot.plt       0x2000006c        0x0 load address 0x0800c0d8
 .igot.plt      0x2000006c        0x0 E:/STM32CubeIDE_1.16.1/STM32CubeIDE/plugins/com.st.stm32cube.ide.mcu.externaltools.gnu-tools-for-stm32.13.3.rel1.win32_1.0.0.202411081344/tools/bin/../lib/gcc/arm-none-eabi/13.3.1/thumb/v7-m/nofp/crtbegin.o
                0x2000006c                        . = ALIGN (0x4)

.bss            0x2000006c     0x1da8 load address 0x0800c0d8
                0x2000006c                        _sbss = .
                0x2000006c                        __bss_start__ = _sbss
 *(.bss)
 .bss           0x2000006c       0x1c E:/STM32CubeIDE_1.16.1/STM32CubeIDE/plugins/com.st.stm32cube.ide.mcu.externaltools.gnu-tools-for-stm32.13.3.rel1.win32_1.0.0.202411081344/tools/bin/../lib/gcc/arm-none-eabi/13.3.1/thumb/v7-m/nofp/crtbegin.o
 *(.bss*)
 .bss.hi2c2     0x20000088       0x54 ./Core/Src/main.o
                0x20000088                hi2c2
 .bss.hdma_i2c2_tx
                0x200000dc       0x44 ./Core/Src/main.o
                0x200000dc                hdma_i2c2_tx
 .bss.hdma_i2c2_rx
                0x20000120       0x44 ./Core/Src/main.o
                0x20000120                hdma_i2c2_rx
 .bss.htim1     0x20000164       0x48 ./Core/Src/main.o
                0x20000164                htim1
 .bss.defaultTaskHandle
                0x200001ac        0x4 ./Core/Src/main.o
                0x200001ac                defaultTaskHandle
 .bss.PIDTaskHandle
                0x200001b0        0x4 ./Core/Src/main.o
                0x200001b0                PIDTaskHandle
 .bss.orientationTaskHandle
                0x200001b4        0x4 ./Core/Src/main.o
                0x200001b4                orientationTaskHandle
 .bss.inputsTaskHandle
                0x200001b8        0x4 ./Core/Src/main.o
                0x200001b8                inputsTaskHandle
 .bss.xMutexHandle
                0x200001bc        0x4 ./Core/Src/main.o
                0x200001bc                xMutexHandle
 .bss.sensor_data_1
                0x200001c0       0x30 ./Core/Src/main.o
                0x200001c0                sensor_data_1
 .bss.packetSize
                0x200001f0        0x2 ./Core/Src/main.o
                0x200001f0                packetSize
 .bss.fifoCount
                0x200001f2        0x2 ./Core/Src/main.o
                0x200001f2                fifoCount
 .bss.a         0x200001f4        0x4 ./Core/Src/main.o
                0x200001f4                a
 .bss.fifoBuffer
                0x200001f8       0x40 ./Core/Src/main.o
                0x200001f8                fifoBuffer
 .bss.q         0x20000238       0x10 ./Core/Src/main.o
                0x20000238                q
 .bss.gravity   0x20000248        0xc ./Core/Src/main.o
                0x20000248                gravity
 .bss.ypr       0x20000254        0xc ./Core/Src/main.o
                0x20000254                ypr
 .bss.throttleCaptureIndex
                0x20000260        0x2 ./Core/Src/main.o
                0x20000260                throttleCaptureIndex
 *fill*         0x20000262        0x2 
 .bss.throttleInputCaptureValue1
                0x20000264        0x4 ./Core/Src/main.o
                0x20000264                throttleInputCaptureValue1
 .bss.throttleInputCaptureValue2
                0x20000268        0x4 ./Core/Src/main.o
                0x20000268                throttleInputCaptureValue2
 .bss.throttleDiffCapture
                0x2000026c        0x4 ./Core/Src/main.o
                0x2000026c                throttleDiffCapture
 .bss.i2c_RX_done
                0x20000270        0x1 ./Core/Src/mpu6050_lib.o
                0x20000270                i2c_RX_done
 .bss.i2c_TX_done
                0x20000271        0x1 ./Core/Src/mpu6050_lib.o
                0x20000271                i2c_TX_done
 .bss.orientation_data_ready
                0x20000272        0x1 ./Core/Src/mpu6050_lib.o
                0x20000272                orientation_data_ready
 *fill*         0x20000273        0x1 
 .bss.receive_buffer
                0x20000274       0x14 ./Core/Src/mpu6050_lib.o
                0x20000274                receive_buffer
 .bss.dmpPacketSize
                0x20000288        0x2 ./Core/Src/mpu6050_lib.o
                0x20000288                dmpPacketSize
 *fill*         0x2000028a        0x2 
 .bss.dmpPacketBuffer
                0x2000028c        0x4 ./Core/Src/mpu6050_lib.o
                0x2000028c                dmpPacketBuffer
 .bss.htim4     0x20000290       0x48 ./Core/Src/stm32f1xx_hal_timebase_tim.o
                0x20000290                htim4
 .bss.__sbrk_heap_end
                0x200002d8        0x4 ./Core/Src/sysmem.o
 .bss.uwTick    0x200002dc        0x4 ./Drivers/STM32F1xx_HAL_Driver/Src/stm32f1xx_hal.o
                0x200002dc                uwTick
 .bss.KernelState
                0x200002e0        0x4 ./Middlewares/Third_Party/FreeRTOS/Source/CMSIS_RTOS_V2/cmsis_os2.o
 .bss.Idle_TCB.3
                0x200002e4       0xa8 ./Middlewares/Third_Party/FreeRTOS/Source/CMSIS_RTOS_V2/cmsis_os2.o
 .bss.Idle_Stack.2
                0x2000038c      0x200 ./Middlewares/Third_Party/FreeRTOS/Source/CMSIS_RTOS_V2/cmsis_os2.o
 .bss.Timer_TCB.1
                0x2000058c       0xa8 ./Middlewares/Third_Party/FreeRTOS/Source/CMSIS_RTOS_V2/cmsis_os2.o
 .bss.Timer_Stack.0
                0x20000634      0x400 ./Middlewares/Third_Party/FreeRTOS/Source/CMSIS_RTOS_V2/cmsis_os2.o
 .bss.xQueueRegistry
                0x20000a34       0x40 ./Middlewares/Third_Party/FreeRTOS/Source/queue.o
                0x20000a34                xQueueRegistry
 .bss.pxCurrentTCB
                0x20000a74        0x4 ./Middlewares/Third_Party/FreeRTOS/Source/tasks.o
                0x20000a74                pxCurrentTCB
 .bss.pxReadyTasksLists
                0x20000a78      0x460 ./Middlewares/Third_Party/FreeRTOS/Source/tasks.o
 .bss.xDelayedTaskList1
                0x20000ed8       0x14 ./Middlewares/Third_Party/FreeRTOS/Source/tasks.o
 .bss.xDelayedTaskList2
                0x20000eec       0x14 ./Middlewares/Third_Party/FreeRTOS/Source/tasks.o
 .bss.pxDelayedTaskList
                0x20000f00        0x4 ./Middlewares/Third_Party/FreeRTOS/Source/tasks.o
 .bss.pxOverflowDelayedTaskList
                0x20000f04        0x4 ./Middlewares/Third_Party/FreeRTOS/Source/tasks.o
 .bss.xPendingReadyList
                0x20000f08       0x14 ./Middlewares/Third_Party/FreeRTOS/Source/tasks.o
 .bss.xTasksWaitingTermination
                0x20000f1c       0x14 ./Middlewares/Third_Party/FreeRTOS/Source/tasks.o
 .bss.uxDeletedTasksWaitingCleanUp
                0x20000f30        0x4 ./Middlewares/Third_Party/FreeRTOS/Source/tasks.o
 .bss.xSuspendedTaskList
                0x20000f34       0x14 ./Middlewares/Third_Party/FreeRTOS/Source/tasks.o
 .bss.uxCurrentNumberOfTasks
                0x20000f48        0x4 ./Middlewares/Third_Party/FreeRTOS/Source/tasks.o
 .bss.xTickCount
                0x20000f4c        0x4 ./Middlewares/Third_Party/FreeRTOS/Source/tasks.o
 .bss.uxTopReadyPriority
                0x20000f50        0x4 ./Middlewares/Third_Party/FreeRTOS/Source/tasks.o
 .bss.xSchedulerRunning
                0x20000f54        0x4 ./Middlewares/Third_Party/FreeRTOS/Source/tasks.o
 .bss.xPendedTicks
                0x20000f58        0x4 ./Middlewares/Third_Party/FreeRTOS/Source/tasks.o
 .bss.xYieldPending
                0x20000f5c        0x4 ./Middlewares/Third_Party/FreeRTOS/Source/tasks.o
 .bss.xNumOfOverflows
                0x20000f60        0x4 ./Middlewares/Third_Party/FreeRTOS/Source/tasks.o
 .bss.uxTaskNumber
                0x20000f64        0x4 ./Middlewares/Third_Party/FreeRTOS/Source/tasks.o
 .bss.xNextTaskUnblockTime
                0x20000f68        0x4 ./Middlewares/Third_Party/FreeRTOS/Source/tasks.o
 .bss.xIdleTaskHandle
                0x20000f6c        0x4 ./Middlewares/Third_Party/FreeRTOS/Source/tasks.o
 .bss.uxSchedulerSuspended
                0x20000f70        0x4 ./Middlewares/Third_Party/FreeRTOS/Source/tasks.o
 .bss.xActiveTimerList1
                0x20000f74       0x14 ./Middlewares/Third_Party/FreeRTOS/Source/timers.o
 .bss.xActiveTimerList2
                0x20000f88       0x14 ./Middlewares/Third_Party/FreeRTOS/Source/timers.o
 .bss.pxCurrentTimerList
                0x20000f9c        0x4 ./Middlewares/Third_Party/FreeRTOS/Source/timers.o
 .bss.pxOverflowTimerList
                0x20000fa0        0x4 ./Middlewares/Third_Party/FreeRTOS/Source/timers.o
 .bss.xTimerQueue
                0x20000fa4        0x4 ./Middlewares/Third_Party/FreeRTOS/Source/timers.o
 .bss.xTimerTaskHandle
                0x20000fa8        0x4 ./Middlewares/Third_Party/FreeRTOS/Source/timers.o
 .bss.xLastTime.2
                0x20000fac        0x4 ./Middlewares/Third_Party/FreeRTOS/Source/timers.o
 .bss.ucStaticTimerQueueStorage.1
                0x20000fb0       0xa0 ./Middlewares/Third_Party/FreeRTOS/Source/timers.o
 .bss.xStaticTimerQueue.0
                0x20001050       0x50 ./Middlewares/Third_Party/FreeRTOS/Source/timers.o
 .bss.ucMaxSysCallPriority
                0x200010a0        0x1 ./Middlewares/Third_Party/FreeRTOS/Source/portable/GCC/ARM_CM3/port.o
 *fill*         0x200010a1        0x3 
 .bss.ulMaxPRIGROUPValue
                0x200010a4        0x4 ./Middlewares/Third_Party/FreeRTOS/Source/portable/GCC/ARM_CM3/port.o
 .bss.ucHeap    0x200010a8      0xc00 ./Middlewares/Third_Party/FreeRTOS/Source/portable/MemMang/heap_4.o
 .bss.xStart    0x20001ca8        0x8 ./Middlewares/Third_Party/FreeRTOS/Source/portable/MemMang/heap_4.o
 .bss.pxEnd     0x20001cb0        0x4 ./Middlewares/Third_Party/FreeRTOS/Source/portable/MemMang/heap_4.o
 .bss.xFreeBytesRemaining
                0x20001cb4        0x4 ./Middlewares/Third_Party/FreeRTOS/Source/portable/MemMang/heap_4.o
 .bss.xMinimumEverFreeBytesRemaining
                0x20001cb8        0x4 ./Middlewares/Third_Party/FreeRTOS/Source/portable/MemMang/heap_4.o
 .bss.xNumberOfSuccessfulAllocations
                0x20001cbc        0x4 ./Middlewares/Third_Party/FreeRTOS/Source/portable/MemMang/heap_4.o
 .bss.xNumberOfSuccessfulFrees
                0x20001cc0        0x4 ./Middlewares/Third_Party/FreeRTOS/Source/portable/MemMang/heap_4.o
 .bss.xBlockAllocatedBit
                0x20001cc4        0x4 ./Middlewares/Third_Party/FreeRTOS/Source/portable/MemMang/heap_4.o
 .bss.__malloc_sbrk_start
                0x20001cc8        0x4 E:/STM32CubeIDE_1.16.1/STM32CubeIDE/plugins/com.st.stm32cube.ide.mcu.externaltools.gnu-tools-for-stm32.13.3.rel1.win32_1.0.0.202411081344/tools/bin/../lib/gcc/arm-none-eabi/13.3.1/../../../../arm-none-eabi/lib/thumb/v7-m/nofp\libc_nano.a(libc_a-mallocr.o)
                0x20001cc8                __malloc_sbrk_start
 .bss.__malloc_free_list
                0x20001ccc        0x4 E:/STM32CubeIDE_1.16.1/STM32CubeIDE/plugins/com.st.stm32cube.ide.mcu.externaltools.gnu-tools-for-stm32.13.3.rel1.win32_1.0.0.202411081344/tools/bin/../lib/gcc/arm-none-eabi/13.3.1/../../../../arm-none-eabi/lib/thumb/v7-m/nofp\libc_nano.a(libc_a-mallocr.o)
                0x20001ccc                __malloc_free_list
 .bss.__sf      0x20001cd0      0x138 E:/STM32CubeIDE_1.16.1/STM32CubeIDE/plugins/com.st.stm32cube.ide.mcu.externaltools.gnu-tools-for-stm32.13.3.rel1.win32_1.0.0.202411081344/tools/bin/../lib/gcc/arm-none-eabi/13.3.1/../../../../arm-none-eabi/lib/thumb/v7-m/nofp\libc_nano.a(libc_a-findfp.o)
                0x20001cd0                __sf
 .bss.__stdio_exit_handler
                0x20001e08        0x4 E:/STM32CubeIDE_1.16.1/STM32CubeIDE/plugins/com.st.stm32cube.ide.mcu.externaltools.gnu-tools-for-stm32.13.3.rel1.win32_1.0.0.202411081344/tools/bin/../lib/gcc/arm-none-eabi/13.3.1/../../../../arm-none-eabi/lib/thumb/v7-m/nofp\libc_nano.a(libc_a-findfp.o)
                0x20001e08                __stdio_exit_handler
 .bss.errno     0x20001e0c        0x4 E:/STM32CubeIDE_1.16.1/STM32CubeIDE/plugins/com.st.stm32cube.ide.mcu.externaltools.gnu-tools-for-stm32.13.3.rel1.win32_1.0.0.202411081344/tools/bin/../lib/gcc/arm-none-eabi/13.3.1/../../../../arm-none-eabi/lib/thumb/v7-m/nofp\libc_nano.a(libc_a-reent.o)
                0x20001e0c                errno
 .bss.__lock___malloc_recursive_mutex
                0x20001e10        0x1 E:/STM32CubeIDE_1.16.1/STM32CubeIDE/plugins/com.st.stm32cube.ide.mcu.externaltools.gnu-tools-for-stm32.13.3.rel1.win32_1.0.0.202411081344/tools/bin/../lib/gcc/arm-none-eabi/13.3.1/../../../../arm-none-eabi/lib/thumb/v7-m/nofp\libc_nano.a(libc_a-lock.o)
                0x20001e10                __lock___malloc_recursive_mutex
 .bss.__lock___sfp_recursive_mutex
                0x20001e11        0x1 E:/STM32CubeIDE_1.16.1/STM32CubeIDE/plugins/com.st.stm32cube.ide.mcu.externaltools.gnu-tools-for-stm32.13.3.rel1.win32_1.0.0.202411081344/tools/bin/../lib/gcc/arm-none-eabi/13.3.1/../../../../arm-none-eabi/lib/thumb/v7-m/nofp\libc_nano.a(libc_a-lock.o)
                0x20001e11                __lock___sfp_recursive_mutex
 *(COMMON)
                0x20001e14                        . = ALIGN (0x4)
 *fill*         0x20001e12        0x2 
                0x20001e14                        _ebss = .
                0x20001e14                        __bss_end__ = _ebss

._user_heap_stack
                0x20001e14      0x604 load address 0x0800c0d8
                0x20001e18                        . = ALIGN (0x8)
 *fill*         0x20001e14        0x4 
                [!provide]                        PROVIDE (end = .)
                0x20001e18                        PROVIDE (_end = .)
                0x20002018                        . = (. + _Min_Heap_Size)
 *fill*         0x20001e18      0x200 
                0x20002418                        . = (. + _Min_Stack_Size)
 *fill*         0x20002018      0x400 
                0x20002418                        . = ALIGN (0x8)

/DISCARD/