../Core/Src/main.c:119:5:main	16	static
../Core/Src/main.c:271:6:SystemClock_Config	72	static
../Core/Src/main.c:310:13:MX_I2C2_Init	8	static
../Core/Src/main.c:342:13:MX_DMA_Init	16	static
../Core/Src/main.c:363:13:MX_GPIO_Init	40	static
../Core/Src/main.c:402:6:HAL_I2C_MasterTxCpltCallback	16	static
../Core/Src/main.c:406:6:HAL_I2C_MasterRxCpltCallback	16	static
../Core/Src/main.c:410:6:HAL_GPIO_EXTI_Callback	16	static
../Core/Src/main.c:423:6:StartDefaultTask	16	static
../Core/Src/main.c:441:6:updatePID	16	static
../Core/Src/main.c:459:6:getOrientation	16	static
../Core/Src/main.c:520:6:getInputs	16	static
../Core/Src/main.c:539:6:HAL_TIM_PeriodElapsedCallback	16	static
../Core/Src/main.c:557:6:Error_Handler	4	static,ignoring_inline_asm
