../Core/Src/mpu6050_lib.c:160:19:i2c_Read_Accelerometer	40	static
../Core/Src/mpu6050_lib.c:187:19:i2c_Write_Accelerometer	32	static
../Core/Src/mpu6050_lib.c:211:19:setBit	32	static
../Core/Src/mpu6050_lib.c:219:19:setBits	32	static
../Core/Src/mpu6050_lib.c:241:6:mpu6050_init	32	static
../Core/Src/mpu6050_lib.c:300:6:mpu6050_get_raw_measurements	24	static
../Core/Src/mpu6050_lib.c:318:6:sensor_data_init	16	static
../Core/Src/mpu6050_lib.c:328:6:mpu6050_init_dmp	48	static
../Core/Src/mpu6050_lib.c:460:6:setMemoryBank	24	static
../Core/Src/mpu6050_lib.c:470:6:setMemoryStartAddress	24	static
../Core/Src/mpu6050_lib.c:474:9:getOTPBankValid	32	static
../Core/Src/mpu6050_lib.c:481:6:setIntEnabled	24	static
../Core/Src/mpu6050_lib.c:485:6:writeMemoryBlock	48	static
../Core/Src/mpu6050_lib.c:579:6:writeProgMemoryBlock	40	static
../Core/Src/mpu6050_lib.c:584:6:setDMPEnabled	24	static
../Core/Src/mpu6050_lib.c:623:10:getFIFOCount	24	static
../Core/Src/mpu6050_lib.c:629:6:resetFIFO	24	static
../Core/Src/mpu6050_lib.c:634:6:getFIFOBytes	32	static
../Core/Src/mpu6050_lib.c:646:9:dmpGetQuaternion	16	static
../Core/Src/mpu6050_lib.c:660:9:dmpGetQuaternionQuatStruct	32	static
../Core/Src/mpu6050_lib.c:675:9:dmpGetGravity	24	static
../Core/Src/mpu6050_lib.c:681:9:dmpGetYawPitchRoll	40	static
