23:01:08 **** Incremental Build of configuration Debug for project drone_project ****
make -j6 all 
arm-none-eabi-gcc "../Core/Src/mpu6050_lib.c" -mcpu=cortex-m3 -std=gnu11 -g3 -DDEBUG -DUSE_HAL_DRIVER -DSTM32F103xB -c -I../Core/Inc -I../Drivers/STM32F1xx_HAL_Driver/Inc/Legacy -I../Drivers/STM32F1xx_HAL_Driver/Inc -I../Drivers/CMSIS/Device/ST/STM32F1xx/Include -I../Drivers/CMSIS/Include -I../Middlewares/Third_Party/FreeRTOS/Source/include -I../Middlewares/Third_Party/FreeRTOS/Source/CMSIS_RTOS_V2 -I../Middlewares/Third_Party/FreeRTOS/Source/portable/GCC/ARM_CM3 -O0 -ffunction-sections -fdata-sections -Wall -fstack-usage -fcyclomatic-complexity -MMD -MP -MF"Core/Src/mpu6050_lib.d" -MT"Core/Src/mpu6050_lib.o" --specs=nano.specs -mfloat-abi=soft -mthumb -o "Core/Src/mpu6050_lib.o"
../Core/Src/mpu6050_lib.c: In function 'i2c_Write_Accelerometer':
../Core/Src/mpu6050_lib.c:189:27: warning: implicit declaration of function 'malloc' [-Wimplicit-function-declaration]
  189 |         data = (uint8_t*) malloc(sizeof(uint8_t) * (1 + len));
      |                           ^~~~~~
../Core/Src/mpu6050_lib.c:10:1: note: include '<stdlib.h>' or provide a declaration of 'malloc'
    9 | #include "mpu6050_lib.h"
  +++ |+#include <stdlib.h>
   10 | #endif /* INC_MPU6050_LIB_H_ */
../Core/Src/mpu6050_lib.c:189:27: warning: incompatible implicit declaration of built-in function 'malloc' [-Wbuiltin-declaration-mismatch]
  189 |         data = (uint8_t*) malloc(sizeof(uint8_t) * (1 + len));
      |                           ^~~~~~
../Core/Src/mpu6050_lib.c:189:27: note: include '<stdlib.h>' or provide a declaration of 'malloc'
../Core/Src/mpu6050_lib.c:194:9: warning: implicit declaration of function 'memcpy' [-Wimplicit-function-declaration]
  194 |         memcpy(data + 1, pData, len);   //inserts data one slot after the register address
      |         ^~~~~~
../Core/Src/mpu6050_lib.c:10:1: note: include '<string.h>' or provide a declaration of 'memcpy'
    9 | #include "mpu6050_lib.h"
  +++ |+#include <string.h>
   10 | #endif /* INC_MPU6050_LIB_H_ */
../Core/Src/mpu6050_lib.c:194:9: warning: incompatible implicit declaration of built-in function 'memcpy' [-Wbuiltin-declaration-mismatch]
  194 |         memcpy(data + 1, pData, len);   //inserts data one slot after the register address
      |         ^~~~~~
../Core/Src/mpu6050_lib.c:194:9: note: include '<string.h>' or provide a declaration of 'memcpy'
../Core/Src/mpu6050_lib.c:200:9: warning: implicit declaration of function 'free' [-Wimplicit-function-declaration]
  200 |         free(data);
      |         ^~~~
../Core/Src/mpu6050_lib.c:200:9: note: include '<stdlib.h>' or provide a declaration of 'free'
../Core/Src/mpu6050_lib.c:200:9: warning: incompatible implicit declaration of built-in function 'free' [-Wbuiltin-declaration-mismatch]
../Core/Src/mpu6050_lib.c:200:9: note: include '<stdlib.h>' or provide a declaration of 'free'
../Core/Src/mpu6050_lib.c:186:27: warning: variable 'returnValue' set but not used [-Wunused-but-set-variable]
  186 |         HAL_StatusTypeDef returnValue;
      |                           ^~~~~~~~~~~
../Core/Src/mpu6050_lib.c: In function 'mpu6050_init_dmp':
../Core/Src/mpu6050_lib.c:381:95: warning: 'return' with a value, in function returning void [-Wreturn-type]
  381 |         if (!writeProgMemoryBlock(hi2c, dmpMemory, MPU6050_DMP_CODE_SIZE, 0, 0, true)) return 1; // Failed
      |                                                                                               ^
../Core/Src/mpu6050_lib.c:321:6: note: declared here
  321 | void mpu6050_init_dmp(I2C_HandleTypeDef *hi2c)
      |      ^~~~~~~~~~~~~~~~
../Core/Src/mpu6050_lib.c:436:16: warning: 'return' with a value, in function returning void [-Wreturn-type]
  436 |         return 0;
      |                ^
../Core/Src/mpu6050_lib.c:321:6: note: declared here
  321 | void mpu6050_init_dmp(I2C_HandleTypeDef *hi2c)
      |      ^~~~~~~~~~~~~~~~
../Core/Src/mpu6050_lib.c:343:17: warning: variable 'temp_OTP_valid' set but not used [-Wunused-but-set-variable]
  343 |         uint8_t temp_OTP_valid = 0;
      |                 ^~~~~~~~~~~~~~
../Core/Src/mpu6050_lib.c: In function 'writeMemoryBlock':
../Core/Src/mpu6050_lib.c:467:43: warning: incompatible implicit declaration of built-in function 'malloc' [-Wbuiltin-declaration-mismatch]
  467 |     if (verify) verifyBuffer = (uint8_t *)malloc(MPU6050_DMP_MEMORY_CHUNK_SIZE);
      |                                           ^~~~~~
../Core/Src/mpu6050_lib.c:467:43: note: include '<stdlib.h>' or provide a declaration of 'malloc'
../Core/Src/mpu6050_lib.c:468:45: warning: incompatible implicit declaration of built-in function 'malloc' [-Wbuiltin-declaration-mismatch]
  468 |     if (useProgMem) progBuffer = (uint8_t *)malloc(MPU6050_DMP_MEMORY_CHUNK_SIZE);
      |                                             ^~~~~~
../Core/Src/mpu6050_lib.c:468:45: note: include '<stdlib.h>' or provide a declaration of 'malloc'
../Core/Src/mpu6050_lib.c:481:61: warning: implicit declaration of function 'pgm_read_byte' [-Wimplicit-function-declaration]
  481 |             for (j = 0; j < chunkSize; j++) progBuffer[j] = pgm_read_byte(data + i + j);
      |                                                             ^~~~~~~~~~~~~
../Core/Src/mpu6050_lib.c:494:17: warning: implicit declaration of function 'memcmp' [-Wimplicit-function-declaration]
  494 |             if (memcmp(progBuffer, verifyBuffer, chunkSize) != 0) {
      |                 ^~~~~~
../Core/Src/mpu6050_lib.c:494:17: note: include '<string.h>' or provide a declaration of 'memcmp'
../Core/Src/mpu6050_lib.c:494:50: warning: 'memcmp' argument 3 promotes to 'int' where 'unsigned int' is expected in a call to built-in function declared without prototype [-Wbuiltin-declaration-mismatch]
  494 |             if (memcmp(progBuffer, verifyBuffer, chunkSize) != 0) {
      |                                                  ^~~~~~~~~
<built-in>: note: built-in 'memcmp' declared here
../Core/Src/mpu6050_lib.c:512:17: warning: incompatible implicit declaration of built-in function 'free' [-Wbuiltin-declaration-mismatch]
  512 |                 free(verifyBuffer);
      |                 ^~~~
../Core/Src/mpu6050_lib.c:512:17: note: include '<stdlib.h>' or provide a declaration of 'free'
../Core/Src/mpu6050_lib.c:531:17: warning: incompatible implicit declaration of built-in function 'free' [-Wbuiltin-declaration-mismatch]
  531 |     if (verify) free(verifyBuffer);
      |                 ^~~~
../Core/Src/mpu6050_lib.c:531:17: note: include '<stdlib.h>' or provide a declaration of 'free'
../Core/Src/mpu6050_lib.c:532:21: warning: incompatible implicit declaration of built-in function 'free' [-Wbuiltin-declaration-mismatch]
  532 |     if (useProgMem) free(progBuffer);
      |                     ^~~~
../Core/Src/mpu6050_lib.c:532:21: note: include '<stdlib.h>' or provide a declaration of 'free'
arm-none-eabi-gcc -o "drone_project.elf" @"objects.list"   -mcpu=cortex-m3 -T"E:\Desktop2\stm32_projects\STM32F103C8T6\mini_drone_workspace\drone_project\STM32F103C8TX_FLASH.ld" --specs=nosys.specs -Wl,-Map="drone_project.map" -Wl,--gc-sections -static --specs=nano.specs -mfloat-abi=soft -mthumb -Wl,--start-group -lc -lm -Wl,--end-group
Finished building target: drone_project.elf
 
arm-none-eabi-size  drone_project.elf 
arm-none-eabi-objdump -h -S drone_project.elf  > "drone_project.list"
   text	   data	    bss	    dec	    hex	filename
  36280	    108	   8924	  45312	   b100	drone_project.elf
Finished building: default.size.stdout
 
Finished building: drone_project.list
 

23:01:09 Build Finished. 0 errors, 18 warnings. (took 756ms)

